Archive member included to satisfy reference by file (symbol)

C:/Program Files (x86)/SEGGER/SEGGER Embedded Studio for ARM 3.40/lib/libc_v7em_fpv4_sp_d16_hard_t_le_eabi.a(libc_asm.o)
                              Output/ble_app_uart_pca10040_s132 Release/Obj/bsp.o (__aeabi_uldivmod)
C:/Program Files (x86)/SEGGER/SEGGER Embedded Studio for ARM 3.40/lib/libc_v7em_fpv4_sp_d16_hard_t_le_eabi.a(libc2.o)
                              Output/ble_app_uart_pca10040_s132 Release/Obj/nrf_log_str_formatter.o (isprint)
C:/Program Files (x86)/SEGGER/SEGGER Embedded Studio for ARM 3.40/lib/libc_v7em_fpv4_sp_d16_hard_t_le_eabi.a(libc2_asm.o)
                              Output/ble_app_uart_pca10040_s132 Release/Obj/nrf_log_frontend.o (memcpy)
C:/Program Files (x86)/SEGGER/SEGGER Embedded Studio for ARM 3.40/lib/libc_v7em_fpv4_sp_d16_hard_t_le_eabi.a(libc.o)
                              C:/Program Files (x86)/SEGGER/SEGGER Embedded Studio for ARM 3.40/lib/libc_v7em_fpv4_sp_d16_hard_t_le_eabi.a(libc2.o) (__heap_lock)
C:/Program Files (x86)/SEGGER/SEGGER Embedded Studio for ARM 3.40/lib/libdebugio_v7em_fpv4_sp_d16_hard_t_le_eabi.a(libdebugio.o)
                              Output/ble_app_uart_pca10040_s132 Release/Obj/thumb_crt0.o (debug_fopen)
C:/Program Files (x86)/SEGGER/SEGGER Embedded Studio for ARM 3.40/lib/libdebugio_mempoll_v7em_fpv4_sp_d16_hard_t_le_eabi.a(mempoll_debug_operations.o)
                              C:/Program Files (x86)/SEGGER/SEGGER Embedded Studio for ARM 3.40/lib/libdebugio_v7em_fpv4_sp_d16_hard_t_le_eabi.a(libdebugio.o) (__do_debug_operation)
C:/Program Files (x86)/SEGGER/SEGGER Embedded Studio for ARM 3.40/lib/libdebugio_mempoll_v7em_fpv4_sp_d16_hard_t_le_eabi.a(do_nv_debug_operation.o)
                              C:/Program Files (x86)/SEGGER/SEGGER Embedded Studio for ARM 3.40/lib/libdebugio_v7em_fpv4_sp_d16_hard_t_le_eabi.a(libdebugio.o) (__do_nvdebug_operation)
C:/Program Files (x86)/SEGGER/SEGGER Embedded Studio for ARM 3.40/lib/libm_v7em_fpv4_sp_d16_hard_t_le_eabi.a(libm_asm.o)
                              C:/Program Files (x86)/SEGGER/SEGGER Embedded Studio for ARM 3.40/lib/libc_v7em_fpv4_sp_d16_hard_t_le_eabi.a(libc2.o) (__aeabi_i2d)
C:/Program Files (x86)/SEGGER/SEGGER Embedded Studio for ARM 3.40/lib/libm_v7em_fpv4_sp_d16_hard_t_le_eabi.a(libm2.o)
                              C:/Program Files (x86)/SEGGER/SEGGER Embedded Studio for ARM 3.40/lib/libvfprintf_v7em_fpv4_sp_d16_hard_t_le_eabi.o (frexp)
C:/Program Files (x86)/SEGGER/SEGGER Embedded Studio for ARM 3.40/lib/libm_v7em_fpv4_sp_d16_hard_t_le_eabi.a(libm2_asm.o)
                              C:/Program Files (x86)/SEGGER/SEGGER Embedded Studio for ARM 3.40/lib/libm_v7em_fpv4_sp_d16_hard_t_le_eabi.a(libm2.o) (fabs)

Discarded input sections

 .text          0x00000000        0x0 Output/ble_app_uart_pca10040_s132 Release/Obj/thumb_crt0.o
 .data          0x00000000        0x0 Output/ble_app_uart_pca10040_s132 Release/Obj/thumb_crt0.o
 .bss           0x00000000        0x0 Output/ble_app_uart_pca10040_s132 Release/Obj/thumb_crt0.o
 .text.__aeabi_read_tp
                0x00000000        0x8 Output/ble_app_uart_pca10040_s132 Release/Obj/thumb_crt0.o
 .text.abort    0x00000000        0x2 Output/ble_app_uart_pca10040_s132 Release/Obj/thumb_crt0.o
 .text.__assert
                0x00000000        0x2 Output/ble_app_uart_pca10040_s132 Release/Obj/thumb_crt0.o
 .text.__aeabi_assert
                0x00000000        0x2 Output/ble_app_uart_pca10040_s132 Release/Obj/thumb_crt0.o
 .text.__sync_synchronize
                0x00000000        0x2 Output/ble_app_uart_pca10040_s132 Release/Obj/thumb_crt0.o
 .text.__getchar
                0x00000000        0x4 Output/ble_app_uart_pca10040_s132 Release/Obj/thumb_crt0.o
 .text.__putchar
                0x00000000        0x4 Output/ble_app_uart_pca10040_s132 Release/Obj/thumb_crt0.o
 .text.__open   0x00000000        0x4 Output/ble_app_uart_pca10040_s132 Release/Obj/thumb_crt0.o
 .text.__close  0x00000000        0x4 Output/ble_app_uart_pca10040_s132 Release/Obj/thumb_crt0.o
 .text.__write  0x00000000        0xa Output/ble_app_uart_pca10040_s132 Release/Obj/thumb_crt0.o
 .text.__read   0x00000000        0xa Output/ble_app_uart_pca10040_s132 Release/Obj/thumb_crt0.o
 .text.__seek   0x00000000       0x1a Output/ble_app_uart_pca10040_s132 Release/Obj/thumb_crt0.o
 .bss.__user_locale_name_buffer
                0x00000000        0x4 Output/ble_app_uart_pca10040_s132 Release/Obj/thumb_crt0.o
 .stack         0x00000000        0x0 Output/ble_app_uart_pca10040_s132 Release/Obj/thumb_crt0.o
 .stack_process
                0x00000000        0x0 Output/ble_app_uart_pca10040_s132 Release/Obj/thumb_crt0.o
 .heap          0x00000000        0x0 Output/ble_app_uart_pca10040_s132 Release/Obj/thumb_crt0.o
 .group         0x00000000        0xc Output/ble_app_uart_pca10040_s132 Release/Obj/nrf_log_backend_rtt.o
[...]
Memory Configuration

Name             Origin             Length             Attributes
UNPLACED_SECTIONS 0xffffffff         0x00000000         xw
RAM              0x20000000         0x00010000         xw
FLASH            0x00000000         0x00080000         xw
*default*        0x00000000         0xffffffff

Linker script and memory map

                0x0002bd18                __vfprintf = __vfprintf_long
                0x00000000                __vfscanf = __vfscanf_int
                0x20000000                __RAM_segment_start__ = 0x20000000
                0x20010000                __RAM_segment_end__ = 0x20010000
                0x00010000                __RAM_segment_size__ = 0x10000
                0x00000000                __FLASH_segment_start__ = 0x0
                0x00080000                __FLASH_segment_end__ = 0x80000
                0x00080000                __FLASH_segment_size__ = 0x80000
                0x00002000                __HEAPSIZE__ = 0x2000
                0x00000000                __STACKSIZE_PROCESS__ = 0x0
                0x00002000                __STACKSIZE__ = 0x2000
                0x20000000                __reserved_ram_load_start__ = 0x20000000

.reserved_ram   0x20000000     0x2a98
                0x20000000                __reserved_ram_start__ = .
 *(.reserved_ram .reserved_ram.*)
                0x20002a98                . = MAX (((__reserved_ram_start__ + 0x20002a98) - 0x20000000), .)
 *fill*         0x20000000     0x2a98 
                0x20002a98                __reserved_ram_end__ = (__reserved_ram_start__ + SIZEOF (.reserved_ram))
                0x00002a98                __reserved_ram_size__ = SIZEOF (.reserved_ram)
                0x20002a98                __reserved_ram_load_end__ = __reserved_ram_end__
                0x00000001                . = ASSERT (((__reserved_ram_start__ == __reserved_ram_end__) || ((__reserved_ram_end__ >= __RAM_segment_start__) && (__reserved_ram_end__ <= __RAM_segment_end__))), error: .reserved_ram is too large to fit in RAM memory segment)
                0x20002a98                __vectors_ram_load_start__ = 0x20002a98

.vectors_ram    0x20002a98        0x0
                0x20002a98                __vectors_ram_start__ = .
                0x20002a98                __app_ram_start__ = __vectors_ram_start__
 *(.vectors_ram .vectors_ram.*)
                0x20002a98                __vectors_ram_end__ = (__vectors_ram_start__ + SIZEOF (.vectors_ram))
                0x00000000                __vectors_ram_size__ = SIZEOF (.vectors_ram)
                0x20002a98                __vectors_ram_load_end__ = __vectors_ram_end__
                0x00000001                . = ASSERT (((__vectors_ram_start__ == __vectors_ram_end__) || ((__vectors_ram_end__ >= __RAM_segment_start__) && (__vectors_ram_end__ <= __RAM_segment_end__))), error: .vectors_ram is too large to fit in RAM memory segment)
                0x00000001                . = ASSERT ((__reserved_ram_end__ <= __vectors_ram_start__), error: section .reserved_ram overlaps absolute placed section .vectors_ram)
                0x20002a98                __nrf_sections_run_load_start__ = ALIGN (__vectors_ram_end__, 0x4)

.nrf_sections_run
                0x20002a98        0x0
                0x20002a98                __nrf_sections_run_start__ = .
                0x20002a98                __start_nrf_sections_run = __nrf_sections_run_start__
 *(.nrf_sections_run .nrf_sections_run.*)
                0x20002a98                __nrf_sections_run_end__ = (__nrf_sections_run_start__ + SIZEOF (.nrf_sections_run))
                0x00000000                __nrf_sections_run_size__ = SIZEOF (.nrf_sections_run)
                0x20002a98                __nrf_sections_run_load_end__ = __nrf_sections_run_end__
                0x00000001                . = ASSERT (((__nrf_sections_run_start__ == __nrf_sections_run_end__) || ((__nrf_sections_run_end__ >= __RAM_segment_start__) && (__nrf_sections_run_end__ <= __RAM_segment_end__))), error: .nrf_sections_run is too large to fit in RAM memory segment)
                0x00000000                __reserved_flash_load_start__ = 0x0

.reserved_flash
                0x00000000    0x26000
                0x00000000                __reserved_flash_start__ = .
 *(.reserved_flash .reserved_flash.*)
                0x00026000                . = MAX (((__reserved_flash_start__ + 0x26000) - 0x0), .)
 *fill*         0x00000000    0x26000 
                0x00026000                __reserved_flash_end__ = (__reserved_flash_start__ + SIZEOF (.reserved_flash))
                0x00026000                __reserved_flash_size__ = SIZEOF (.reserved_flash)
                0x00026000                __reserved_flash_load_end__ = __reserved_flash_end__
                0x00000001                . = ASSERT (((__reserved_flash_start__ == __reserved_flash_end__) || ((__reserved_flash_end__ >= __FLASH_segment_start__) && (__reserved_flash_end__ <= __FLASH_segment_end__))), error: .reserved_flash is too large to fit in FLASH memory segment)
                0x00026000                __vectors_load_start__ = 0x26000

.vectors        0x00026000      0x200
                0x00026000                __vectors_start__ = .
 *(.vectors .vectors.*)
 .vectors       0x00026000      0x200 Output/ble_app_uart_pca10040_s132 Release/Obj/ses_startup_nrf52.o
                0x00026000                _vectors
                0x00026200                __vectors_end__ = (__vectors_start__ + SIZEOF (.vectors))
                0x00000200                __vectors_size__ = SIZEOF (.vectors)
                0x00026200                __vectors_load_end__ = __vectors_end__
                0x00000001                . = ASSERT (((__vectors_start__ == __vectors_end__) || ((__vectors_end__ >= __FLASH_segment_start__) && (__vectors_end__ <= __FLASH_segment_end__))), error: .vectors is too large to fit in FLASH memory segment)
                0x00000001                . = ASSERT ((__reserved_flash_end__ <= __vectors_start__), error: section .reserved_flash overlaps absolute placed section .vectors)
                0x00026200                __init_load_start__ = ALIGN (__vectors_end__, 0x4)

.init           0x00026200      0x1d8
                0x00026200                __init_start__ = .
 *(.init .init.*)
 .init          0x00026200      0x160 Output/ble_app_uart_pca10040_s132 Release/Obj/thumb_crt0.o
                0x00026200                _start
                0x000262b6                exit
 .init          0x00026360       0x18 Output/ble_app_uart_pca10040_s132 Release/Obj/ses_startup_nrf52.o
                0x00026360                NMI_Handler
                0x00026362                HardFault_Handler
                0x00026364                MemoryManagement_Handler
                0x00026366                BusFault_Handler
                0x00026368                UsageFault_Handler
                0x0002636a                SVC_Handler
                0x0002636c                DebugMon_Handler
                0x0002636e                PendSV_Handler
                0x00026370                SysTick_Handler
                0x00026372                RADIO_IRQHandler
                0x00026372                PDM_IRQHandler
                0x00026372                TEMP_IRQHandler
                0x00026372                QDEC_IRQHandler
                0x00026372                TIMER3_IRQHandler
                0x00026372                FPU_IRQHandler
                0x00026372                RTC0_IRQHandler
                0x00026372                PWM1_IRQHandler
                0x00026372                TIMER4_IRQHandler
                0x00026372                I2S_IRQHandler
                0x00026372                SWI4_EGU4_IRQHandler
                0x00026372                TIMER0_IRQHandler
                0x00026372                Dummy_Handler
                0x00026372                TIMER1_IRQHandler
                0x00026372                PWM2_IRQHandler
                0x00026372                ECB_IRQHandler
                0x00026372                SPIM1_SPIS1_TWIM1_TWIS1_SPI1_TWI1_IRQHandler
                0x00026372                SAADC_IRQHandler
                0x00026372                CCM_AAR_IRQHandler
                0x00026372                WDT_IRQHandler
                0x00026372                SPIM0_SPIS0_TWIM0_TWIS0_SPI0_TWI0_IRQHandler
                0x00026372                SWI5_EGU5_IRQHandler
                0x00026372                RNG_IRQHandler
                0x00026372                RTC2_IRQHandler
                0x00026372                PWM0_IRQHandler
                0x00026372                SWI3_EGU3_IRQHandler
                0x00026372                SWI1_EGU1_IRQHandler
                0x00026372                SPIM2_SPIS2_SPI2_IRQHandler
                0x00026372                NFCT_IRQHandler
                0x00026372                TIMER2_IRQHandler
                0x00026372                MWU_IRQHandler
                0x00026372                COMP_LPCOMP_IRQHandler
                0x00026374                nRFInitialize
 .init          0x00026378       0x60 Output/ble_app_uart_pca10040_s132 Release/Obj/ses_startup_nrf_common.o
                0x00026378                Reset_Handler
                0x000263a0                InitializeUserMemorySections
                0x000263d8                __init_end__ = (__init_start__ + SIZEOF (.init))
                0x000001d8                __init_size__ = SIZEOF (.init)
                0x000263d8                __init_load_end__ = __init_end__
                0x00000001                . = ASSERT (((__init_start__ == __init_end__) || ((__init_end__ >= __FLASH_segment_start__) && (__init_end__ <= __FLASH_segment_end__))), error: .init is too large to fit in FLASH memory segment)
                0x000263d8                __init_rodata_load_start__ = ALIGN (__init_end__, 0x4)

.init_rodata    0x000263d8        0x0
                0x000263d8                __init_rodata_start__ = .
 *(.init_rodata .init_rodata.*)
                0x000263d8                __init_rodata_end__ = (__init_rodata_start__ + SIZEOF (.init_rodata))
                0x00000000                __init_rodata_size__ = SIZEOF (.init_rodata)
                0x000263d8                __init_rodata_load_end__ = __init_rodata_end__
                0x00000001                . = ASSERT (((__init_rodata_start__ == __init_rodata_end__) || ((__init_rodata_end__ >= __FLASH_segment_start__) && (__init_rodata_end__ <= __FLASH_segment_end__))), error: .init_rodata is too large to fit in FLASH memory segment)
                0x000263d8                __text_load_start__ = ALIGN (__init_rodata_end__, 0x4)

.text           0x000263d8     0x6070
                0x000263d8                __text_start__ = .
 *(.text .text.* .glue_7t .glue_7 .gnu.linkonce.t.* .gcc_except_table .ARM.extab* .gnu.linkonce.armextab.*)
 .glue_7        0x000263d8        0x0 linker stubs
 .glue_7t       0x000263d8        0x0 linker stubs
 .text.nrf_log_backend_rtt_flush
                0x000263d8        0x2 Output/ble_app_uart_pca10040_s132 Release/Obj/nrf_log_backend_rtt.o
 *fill*         0x000263da        0x2 
 .text.nrf_log_backend_rtt_put
                0x000263dc       0x1c Output/ble_app_uart_pca10040_s132 Release/Obj/nrf_log_backend_rtt.o
 .text.serial_tx
                0x000263f8       0x50 Output/ble_app_uart_pca10040_s132 Release/Obj/nrf_log_backend_rtt.o
 .text.nrf_log_backend_rtt_panic_set
                0x00026448        0x2 Output/ble_app_uart_pca10040_s132 Release/Obj/nrf_log_backend_rtt.o
 .text.nrf_log_backend_rtt_init
                0x0002644a        0x4 Output/ble_app_uart_pca10040_s132 Release/Obj/nrf_log_backend_rtt.o
                0x0002644a                nrf_log_backend_rtt_init
 .text.nrf_log_backend_serial_put
                0x0002644e       0xcc Output/ble_app_uart_pca10040_s132 Release/Obj/nrf_log_backend_serial.o
                0x0002644e                nrf_log_backend_serial_put
 *fill*         0x0002651a        0x2 
 .text.nrf_log_default_backends_init
                0x0002651c       0x20 Output/ble_app_uart_pca10040_s132 Release/Obj/nrf_log_default_backends.o
                0x0002651c                nrf_log_default_backends_init
 .text.invalid_packets_omit
                0x0002653c       0x3a Output/ble_app_uart_pca10040_s132 Release/Obj/nrf_log_frontend.o
 *fill*         0x00026576        0x2 
 .text.buf_prealloc
                0x00026578      0x134 Output/ble_app_uart_pca10040_s132 Release/Obj/nrf_log_frontend.o
 .text.nrf_log_init
                0x000266ac       0x3c Output/ble_app_uart_pca10040_s132 Release/Obj/nrf_log_frontend.o
                0x000266ac                nrf_log_init
 .text.nrf_log_module_name_get
                0x000266e8       0x38 Output/ble_app_uart_pca10040_s132 Release/Obj/nrf_log_frontend.o
                0x000266e8                nrf_log_module_name_get
 .text.nrf_log_color_id_get
                0x00026720       0x2c Output/ble_app_uart_pca10040_s132 Release/Obj/nrf_log_frontend.o
                0x00026720                nrf_log_color_id_get
 .text.buffer_is_empty
                0x0002674c       0x14 Output/ble_app_uart_pca10040_s132 Release/Obj/nrf_log_frontend.o
                0x0002674c                buffer_is_empty
 .text.nrf_log_frontend_dequeue
                0x00026760      0x228 Output/ble_app_uart_pca10040_s132 Release/Obj/nrf_log_frontend.o
                0x00026760                nrf_log_frontend_dequeue
 .text.std_n    0x00026988       0xb0 Output/ble_app_uart_pca10040_s132 Release/Obj/nrf_log_frontend.o
 .text.nrf_log_frontend_std_0
                0x00026a38        0x8 Output/ble_app_uart_pca10040_s132 Release/Obj/nrf_log_frontend.o
                0x00026a38                nrf_log_frontend_std_0
 .text.nrf_log_frontend_std_1
                0x00026a40       0x14 Output/ble_app_uart_pca10040_s132 Release/Obj/nrf_log_frontend.o
                0x00026a40                nrf_log_frontend_std_1
 .text.nrf_log_frontend_std_2
                0x00026a54       0x14 Output/ble_app_uart_pca10040_s132 Release/Obj/nrf_log_frontend.o
                0x00026a54                nrf_log_frontend_std_2
 .text.nrf_log_backend_add
                0x00026a68       0x44 Output/ble_app_uart_pca10040_s132 Release/Obj/nrf_log_frontend.o
                0x00026a68                nrf_log_backend_add
 .text.nrf_log_panic
                0x00026aac       0x2c Output/ble_app_uart_pca10040_s132 Release/Obj/nrf_log_frontend.o
                0x00026aac                nrf_log_panic
 .text.postfix_process
                0x00026ad8       0x3c Output/ble_app_uart_pca10040_s132 Release/Obj/nrf_log_str_formatter.o
 .text.prefix_process
                0x00026b14       0x78 Output/ble_app_uart_pca10040_s132 Release/Obj/nrf_log_str_formatter.o
 .text.nrf_log_std_entry_process
                0x00026b8c       0xc8 Output/ble_app_uart_pca10040_s132 Release/Obj/nrf_log_str_formatter.o
                0x00026b8c                nrf_log_std_entry_process
 .text.nrf_log_hexdump_entry_process
                0x00026c54       0xac Output/ble_app_uart_pca10040_s132 Release/Obj/nrf_log_str_formatter.o
                0x00026c54                nrf_log_hexdump_entry_process
 .text.detection_delay_timeout_handler
                0x00026d00      0x104 Output/ble_app_uart_pca10040_s132 Release/Obj/app_button.o
 .text.gpiote_event_handler
                0x00026e04       0xa8 Output/ble_app_uart_pca10040_s132 Release/Obj/app_button.o
 .text.app_button_init
                0x00026eac       0xa8 Output/ble_app_uart_pca10040_s132 Release/Obj/app_button.o
                0x00026eac                app_button_init
 .text.app_button_enable
                0x00026f54       0x2c Output/ble_app_uart_pca10040_s132 Release/Obj/app_button.o
                0x00026f54                app_button_enable
 .text.app_error_handler_bare
                0x00026f80       0x1a Output/ble_app_uart_pca10040_s132 Release/Obj/app_error.o
                0x00026f80                app_error_handler_bare
 *fill*         0x00026f9a        0x2 
 .text.app_error_fault_handler
                0x00026f9c       0x70 Output/ble_app_uart_pca10040_s132 Release/Obj/app_error_weak.o
                0x00026f9c                app_error_fault_handler
 .text.app_fifo_init
                0x0002700c       0x1e Output/ble_app_uart_pca10040_s132 Release/Obj/app_fifo.o
                0x0002700c                app_fifo_init
 .text.app_fifo_put
                0x0002702a       0x24 Output/ble_app_uart_pca10040_s132 Release/Obj/app_fifo.o
                0x0002702a                app_fifo_put
 .text.app_fifo_get
                0x0002704e       0x22 Output/ble_app_uart_pca10040_s132 Release/Obj/app_fifo.o
                0x0002704e                app_fifo_get
 .text.user_op_alloc
                0x00027070       0x2c Output/ble_app_uart_pca10040_s132 Release/Obj/app_timer.o
 .text.timer_stop_op_schedule
                0x0002709c       0x50 Output/ble_app_uart_pca10040_s132 Release/Obj/app_timer.o
 .text.nrfx_coredep_delay_us.constprop.3
                0x000270ec       0x10 Output/ble_app_uart_pca10040_s132 Release/Obj/app_timer.o
 .text.rtc1_stop
                0x000270fc       0x44 Output/ble_app_uart_pca10040_s132 Release/Obj/app_timer.o
 .text.RTC1_IRQHandler
                0x00027140       0x9c Output/ble_app_uart_pca10040_s132 Release/Obj/app_timer.o
                0x00027140                RTC1_IRQHandler
 .text.SWI0_EGU0_IRQHandler
                0x000271dc      0x2ac Output/ble_app_uart_pca10040_s132 Release/Obj/app_timer.o
                0x000271dc                SWI0_EGU0_IRQHandler
 .text.app_timer_init
                0x00027488       0x60 Output/ble_app_uart_pca10040_s132 Release/Obj/app_timer.o
                0x00027488                app_timer_init
 .text.app_timer_create
                0x000274e8       0x24 Output/ble_app_uart_pca10040_s132 Release/Obj/app_timer.o
                0x000274e8                app_timer_create
 .text.app_timer_start
                0x0002750c       0x88 Output/ble_app_uart_pca10040_s132 Release/Obj/app_timer.o
                0x0002750c                app_timer_start
 .text.app_timer_stop
                0x00027594       0x20 Output/ble_app_uart_pca10040_s132 Release/Obj/app_timer.o
                0x00027594                app_timer_stop
 .text.nrf_drv_uart_rx.constprop.0
                0x000275b4       0x28 Output/ble_app_uart_pca10040_s132 Release/Obj/app_uart_fifo.o
 .text.nrf_drv_uart_tx.constprop.2
                0x000275dc       0x28 Output/ble_app_uart_pca10040_s132 Release/Obj/app_uart_fifo.o
 .text.uart_event_handler
                0x00027604       0xa8 Output/ble_app_uart_pca10040_s132 Release/Obj/app_uart_fifo.o
 .text.app_uart_init
                0x000276ac       0xb0 Output/ble_app_uart_pca10040_s132 Release/Obj/app_uart_fifo.o
                0x000276ac                app_uart_init
 .text.app_uart_get
                0x0002775c       0x2c Output/ble_app_uart_pca10040_s132 Release/Obj/app_uart_fifo.o
                0x0002775c                app_uart_get
 .text.app_uart_put
                0x00027788       0x50 Output/ble_app_uart_pca10040_s132 Release/Obj/app_uart_fifo.o
                0x00027788                app_uart_put
 .text.app_util_critical_region_enter
                0x000277d8       0x48 Output/ble_app_uart_pca10040_s132 Release/Obj/app_util_platform.o
                0x000277d8                app_util_critical_region_enter
 .text.app_util_critical_region_exit
                0x00027820       0x2c Output/ble_app_uart_pca10040_s132 Release/Obj/app_util_platform.o
                0x00027820                app_util_critical_region_exit
 .text.nrf_atflags_set
                0x0002784c       0x12 Output/ble_app_uart_pca10040_s132 Release/Obj/nrf_atflags.o
                0x0002784c                nrf_atflags_set
 .text.nrf_atflags_clear
                0x0002785e       0x14 Output/ble_app_uart_pca10040_s132 Release/Obj/nrf_atflags.o
                0x0002785e                nrf_atflags_clear
 .text.nrf_atflags_get
                0x00027872       0x12 Output/ble_app_uart_pca10040_s132 Release/Obj/nrf_atflags.o
                0x00027872                nrf_atflags_get
 .text.nrf_atomic_u32_fetch_store
                0x00027884       0x14 Output/ble_app_uart_pca10040_s132 Release/Obj/nrf_atomic.o
                0x00027884                nrf_atomic_u32_fetch_store
 .text.nrf_atomic_u32_or
                0x00027898       0x16 Output/ble_app_uart_pca10040_s132 Release/Obj/nrf_atomic.o
                0x00027898                nrf_atomic_u32_or
 .text.nrf_atomic_u32_fetch_and
                0x000278ae       0x16 Output/ble_app_uart_pca10040_s132 Release/Obj/nrf_atomic.o
                0x000278ae                nrf_atomic_u32_fetch_and
 .text.nrf_atomic_u32_and
                0x000278c4       0x16 Output/ble_app_uart_pca10040_s132 Release/Obj/nrf_atomic.o
                0x000278c4                nrf_atomic_u32_and
 .text.nrf_atomic_u32_add
                0x000278da       0x16 Output/ble_app_uart_pca10040_s132 Release/Obj/nrf_atomic.o
                0x000278da                nrf_atomic_u32_add
 .text.nrf_atomic_u32_sub
                0x000278f0       0x16 Output/ble_app_uart_pca10040_s132 Release/Obj/nrf_atomic.o
                0x000278f0                nrf_atomic_u32_sub
 .text.nrf_atomic_flag_set
                0x00027906        0x6 Output/ble_app_uart_pca10040_s132 Release/Obj/nrf_atomic.o
                0x00027906                nrf_atomic_flag_set
 .text.nrf_atomic_flag_clear_fetch
                0x0002790c        0x6 Output/ble_app_uart_pca10040_s132 Release/Obj/nrf_atomic.o
                0x0002790c                nrf_atomic_flag_clear_fetch
 .text.nrf_balloc_init
                0x00027912       0x2e Output/ble_app_uart_pca10040_s132 Release/Obj/nrf_balloc.o
                0x00027912                nrf_balloc_init
 .text.nrf_balloc_alloc
                0x00027940       0x46 Output/ble_app_uart_pca10040_s132 Release/Obj/nrf_balloc.o
                0x00027940                nrf_balloc_alloc
 .text.nrf_balloc_free
                0x00027986       0x32 Output/ble_app_uart_pca10040_s132 Release/Obj/nrf_balloc.o
                0x00027986                nrf_balloc_free
 .text.nrf_fprintf_buffer_flush
                0x000279b8       0x16 Output/ble_app_uart_pca10040_s132 Release/Obj/nrf_fprintf.o
                0x000279b8                nrf_fprintf_buffer_flush
 .text.nrf_fprintf
                0x000279ce       0x1e Output/ble_app_uart_pca10040_s132 Release/Obj/nrf_fprintf.o
                0x000279ce                nrf_fprintf
 .text.buffer_add
                0x000279ec       0x1e Output/ble_app_uart_pca10040_s132 Release/Obj/nrf_fprintf_format.o
 *fill*         0x00027a0a        0x2 
 .text.unsigned_print
                0x00027a0c       0xac Output/ble_app_uart_pca10040_s132 Release/Obj/nrf_fprintf_format.o
 .text.nrf_fprintf_fmt
                0x00027ab8      0x28a Output/ble_app_uart_pca10040_s132 Release/Obj/nrf_fprintf_format.o
                0x00027ab8                nrf_fprintf_fmt
 .text.memobj_op
                0x00027d42       0x82 Output/ble_app_uart_pca10040_s132 Release/Obj/nrf_memobj.o
 .text.nrf_memobj_pool_init
                0x00027dc4        0x4 Output/ble_app_uart_pca10040_s132 Release/Obj/nrf_memobj.o
                0x00027dc4                nrf_memobj_pool_init
 .text.nrf_memobj_free
                0x00027dc8       0x2c Output/ble_app_uart_pca10040_s132 Release/Obj/nrf_memobj.o
                0x00027dc8                nrf_memobj_free
 .text.nrf_memobj_alloc
                0x00027df4       0x5e Output/ble_app_uart_pca10040_s132 Release/Obj/nrf_memobj.o
                0x00027df4                nrf_memobj_alloc
 .text.nrf_memobj_get
                0x00027e52        0x8 Output/ble_app_uart_pca10040_s132 Release/Obj/nrf_memobj.o
                0x00027e52                nrf_memobj_get
 .text.nrf_memobj_put
                0x00027e5a       0x1e Output/ble_app_uart_pca10040_s132 Release/Obj/nrf_memobj.o
                0x00027e5a                nrf_memobj_put
 .text.nrf_memobj_write
                0x00027e78       0x16 Output/ble_app_uart_pca10040_s132 Release/Obj/nrf_memobj.o
                0x00027e78                nrf_memobj_write
 .text.nrf_memobj_read
                0x00027e8e       0x16 Output/ble_app_uart_pca10040_s132 Release/Obj/nrf_memobj.o
                0x00027e8e                nrf_memobj_read
 .text.sd_app_evt_wait
                0x00027ea4        0x4 Output/ble_app_uart_pca10040_s132 Release/Obj/nrf_pwr_mgmt.o
 .text.nrf_pwr_mgmt_init
                0x00027ea8       0x2c Output/ble_app_uart_pca10040_s132 Release/Obj/nrf_pwr_mgmt.o
                0x00027ea8                nrf_pwr_mgmt_init
 .text.nrf_pwr_mgmt_run
                0x00027ed4       0x4c Output/ble_app_uart_pca10040_s132 Release/Obj/nrf_pwr_mgmt.o
                0x00027ed4                nrf_pwr_mgmt_run
 .text.nrf_ringbuf_init
                0x00027f20       0x12 Output/ble_app_uart_pca10040_s132 Release/Obj/nrf_ringbuf.o
                0x00027f20                nrf_ringbuf_init
 .text.nrf_section_iter_init
                0x00027f32       0x14 Output/ble_app_uart_pca10040_s132 Release/Obj/nrf_section_iter.o
                0x00027f32                nrf_section_iter_init
 .text.nrf_section_iter_next
                0x00027f46       0x18 Output/ble_app_uart_pca10040_s132 Release/Obj/nrf_section_iter.o
                0x00027f46                nrf_section_iter_next
 *fill*         0x00027f5e        0x2 
 .text.nrf_strerror_find
                0x00027f60       0x3c Output/ble_app_uart_pca10040_s132 Release/Obj/nrf_strerror.o
                0x00027f60                nrf_strerror_find
 .text.nrf_strerror_get
                0x00027f9c       0x14 Output/ble_app_uart_pca10040_s132 Release/Obj/nrf_strerror.o
                0x00027f9c                nrf_strerror_get
 .text.__putchar
                0x00027fb0        0xe Output/ble_app_uart_pca10040_s132 Release/Obj/retarget.o
                0x00027fb0                __putchar
 *fill*         0x00027fbe        0x2 
 .text.errata_12
                0x00027fc0       0x40 Output/ble_app_uart_pca10040_s132 Release/Obj/system_nrf52.o
 .text.errata_16
                0x00028000       0x34 Output/ble_app_uart_pca10040_s132 Release/Obj/system_nrf52.o
 .text.SystemInit
                0x00028034      0x25c Output/ble_app_uart_pca10040_s132 Release/Obj/system_nrf52.o
                0x00028034                SystemInit
 .text.bsp_board_led_state_get
                0x00028290       0x1c Output/ble_app_uart_pca10040_s132 Release/Obj/boards.o
                0x00028290                bsp_board_led_state_get
 .text.bsp_board_led_on
                0x000282ac       0x18 Output/ble_app_uart_pca10040_s132 Release/Obj/boards.o
                0x000282ac                bsp_board_led_on
 .text.bsp_board_led_off
                0x000282c4       0x18 Output/ble_app_uart_pca10040_s132 Release/Obj/boards.o
                0x000282c4                bsp_board_led_off
 .text.bsp_board_leds_off
                0x000282dc       0x1e Output/ble_app_uart_pca10040_s132 Release/Obj/boards.o
                0x000282dc                bsp_board_leds_off
 .text.bsp_board_leds_on
                0x000282fa       0x1e Output/ble_app_uart_pca10040_s132 Release/Obj/boards.o
                0x000282fa                bsp_board_leds_on
 .text.bsp_board_led_invert
                0x00028318       0x24 Output/ble_app_uart_pca10040_s132 Release/Obj/boards.o
                0x00028318                bsp_board_led_invert
 .text.bsp_board_button_state_get
                0x0002833c       0x1c Output/ble_app_uart_pca10040_s132 Release/Obj/boards.o
                0x0002833c                bsp_board_button_state_get
 .text.bsp_board_pin_to_button_idx
                0x00028358       0x24 Output/ble_app_uart_pca10040_s132 Release/Obj/boards.o
                0x00028358                bsp_board_pin_to_button_idx
 .text.bsp_board_button_idx_to_pin
                0x0002837c        0xc Output/ble_app_uart_pca10040_s132 Release/Obj/boards.o
                0x0002837c                bsp_board_button_idx_to_pin
 .text.bsp_board_init
                0x00028388       0x3e Output/ble_app_uart_pca10040_s132 Release/Obj/boards.o
                0x00028388                bsp_board_init
 *fill*         0x000283c6        0x2 
 .text.clock_clk_started_notify
                0x000283c8       0x28 Output/ble_app_uart_pca10040_s132 Release/Obj/nrf_drv_clock.o
 .text.clock_irq_handler
                0x000283f0       0x1c Output/ble_app_uart_pca10040_s132 Release/Obj/nrf_drv_clock.o
 .text.soc_evt_handler
                0x0002840c       0x14 Output/ble_app_uart_pca10040_s132 Release/Obj/nrf_drv_clock.o
 .text.nrf_drv_clock_init
                0x00028420       0x38 Output/ble_app_uart_pca10040_s132 Release/Obj/nrf_drv_clock.o
                0x00028420                nrf_drv_clock_init
 .text.nrf_drv_clock_lfclk_release
                0x00028458       0x30 Output/ble_app_uart_pca10040_s132 Release/Obj/nrf_drv_clock.o
                0x00028458                nrf_drv_clock_lfclk_release
 .text.sd_state_evt_handler
                0x00028488       0x58 Output/ble_app_uart_pca10040_s132 Release/Obj/nrf_drv_clock.o
 .text.uarte_evt_handler
                0x000284e0       0x34 Output/ble_app_uart_pca10040_s132 Release/Obj/nrf_drv_uart.o
 .text.uart_evt_handler
                0x00028514       0x34 Output/ble_app_uart_pca10040_s132 Release/Obj/nrf_drv_uart.o
 .text.nrf_drv_uart_init
                0x00028548       0x7c Output/ble_app_uart_pca10040_s132 Release/Obj/nrf_drv_uart.o
                0x00028548                nrf_drv_uart_init
 .text.nrf_clock_event_clear
                0x000285c4       0x14 Output/ble_app_uart_pca10040_s132 Release/Obj/nrfx_clock.o
 .text.nrfx_clock_init
                0x000285d8       0x1c Output/ble_app_uart_pca10040_s132 Release/Obj/nrfx_clock.o
                0x000285d8                nrfx_clock_init
 .text.nrfx_clock_enable
                0x000285f4       0x28 Output/ble_app_uart_pca10040_s132 Release/Obj/nrfx_clock.o
                0x000285f4                nrfx_clock_enable
 .text.nrfx_clock_lfclk_stop
                0x0002861c       0x18 Output/ble_app_uart_pca10040_s132 Release/Obj/nrfx_clock.o
                0x0002861c                nrfx_clock_lfclk_stop
 .text.POWER_CLOCK_IRQHandler
                0x00028634       0x58 Output/ble_app_uart_pca10040_s132 Release/Obj/nrfx_clock.o
                0x00028634                POWER_CLOCK_IRQHandler
 .text.nrf_gpiote_event_clear
                0x0002868c       0x18 Output/ble_app_uart_pca10040_s132 Release/Obj/nrfx_gpiote.o
 .text.nrf_gpio_cfg_sense_set
                0x000286a4       0x20 Output/ble_app_uart_pca10040_s132 Release/Obj/nrfx_gpiote.o
 .text.channel_free
                0x000286c4       0x1c Output/ble_app_uart_pca10040_s132 Release/Obj/nrfx_gpiote.o
 .text.nrfx_gpiote_init
                0x000286e0       0x70 Output/ble_app_uart_pca10040_s132 Release/Obj/nrfx_gpiote.o
                0x000286e0                nrfx_gpiote_init
 .text.nrfx_gpiote_is_init
                0x00028750       0x14 Output/ble_app_uart_pca10040_s132 Release/Obj/nrfx_gpiote.o
                0x00028750                nrfx_gpiote_is_init
 .text.nrfx_gpiote_in_init
                0x00028764       0xf0 Output/ble_app_uart_pca10040_s132 Release/Obj/nrfx_gpiote.o
                0x00028764                nrfx_gpiote_in_init
 .text.nrfx_gpiote_in_event_enable
                0x00028854       0x8c Output/ble_app_uart_pca10040_s132 Release/Obj/nrfx_gpiote.o
                0x00028854                nrfx_gpiote_in_event_enable
 .text.nrfx_gpiote_in_is_set
                0x000288e0       0x12 Output/ble_app_uart_pca10040_s132 Release/Obj/nrfx_gpiote.o
                0x000288e0                nrfx_gpiote_in_is_set
 *fill*         0x000288f2        0x2 
 .text.GPIOTE_IRQHandler
                0x000288f4      0x17c Output/ble_app_uart_pca10040_s132 Release/Obj/nrfx_gpiote.o
                0x000288f4                GPIOTE_IRQHandler
 .text.UARTE0_UART0_IRQHandler
                0x00028a70        0xc Output/ble_app_uart_pca10040_s132 Release/Obj/nrfx_prs.o
                0x00028a70                UARTE0_UART0_IRQHandler
 .text.nrfx_prs_acquire
                0x00028a7c       0x40 Output/ble_app_uart_pca10040_s132 Release/Obj/nrfx_prs.o
                0x00028a7c                nrfx_prs_acquire
 .text.nrf_uart_event_clear
                0x00028abc       0x10 Output/ble_app_uart_pca10040_s132 Release/Obj/nrfx_uart.o
 .text.tx_byte  0x00028acc       0x1e Output/ble_app_uart_pca10040_s132 Release/Obj/nrfx_uart.o
 .text.rx_enable.isra.5
                0x00028aea       0x20 Output/ble_app_uart_pca10040_s132 Release/Obj/nrfx_uart.o
 .text.rx_byte  0x00028b0a       0x2c Output/ble_app_uart_pca10040_s132 Release/Obj/nrfx_uart.o
 *fill*         0x00028b36        0x2 
 .text.rx_done_event.constprop.8
                0x00028b38       0x20 Output/ble_app_uart_pca10040_s132 Release/Obj/nrfx_uart.o
 .text.nrfx_uart_0_irq_handler
                0x00028b58      0x13c Output/ble_app_uart_pca10040_s132 Release/Obj/nrfx_uart.o
                0x00028b58                nrfx_uart_0_irq_handler
 .text.nrfx_uart_init
                0x00028c94      0x180 Output/ble_app_uart_pca10040_s132 Release/Obj/nrfx_uart.o
                0x00028c94                nrfx_uart_init
 .text.nrfx_uart_tx
                0x00028e14       0x94 Output/ble_app_uart_pca10040_s132 Release/Obj/nrfx_uart.o
                0x00028e14                nrfx_uart_tx
 .text.nrfx_uart_tx_in_progress
                0x00028ea8       0x18 Output/ble_app_uart_pca10040_s132 Release/Obj/nrfx_uart.o
                0x00028ea8                nrfx_uart_tx_in_progress
 .text.nrfx_uart_rx
                0x00028ec0       0xec Output/ble_app_uart_pca10040_s132 Release/Obj/nrfx_uart.o
                0x00028ec0                nrfx_uart_rx
 .text.nrf_uarte_event_clear
                0x00028fac       0x10 Output/ble_app_uart_pca10040_s132 Release/Obj/nrfx_uarte.o
 .text.rx_done_event.constprop.7
                0x00028fbc       0x24 Output/ble_app_uart_pca10040_s132 Release/Obj/nrfx_uarte.o
 .text.nrfx_uarte_0_irq_handler
                0x00028fe0       0xec Output/ble_app_uart_pca10040_s132 Release/Obj/nrfx_uarte.o
                0x00028fe0                nrfx_uarte_0_irq_handler
 .text.nrfx_uarte_init
                0x000290cc      0x190 Output/ble_app_uart_pca10040_s132 Release/Obj/nrfx_uarte.o
                0x000290cc                nrfx_uarte_init
 .text.nrfx_uarte_tx
                0x0002925c       0x88 Output/ble_app_uart_pca10040_s132 Release/Obj/nrfx_uarte.o
                0x0002925c                nrfx_uarte_tx
 .text.nrfx_uarte_tx_in_progress
                0x000292e4       0x18 Output/ble_app_uart_pca10040_s132 Release/Obj/nrfx_uarte.o
                0x000292e4                nrfx_uarte_tx_in_progress
 .text.nrfx_uarte_rx
                0x000292fc       0xd8 Output/ble_app_uart_pca10040_s132 Release/Obj/nrfx_uarte.o
                0x000292fc                nrfx_uarte_rx
 .text.alert_timer_handler
                0x000293d4        0x6 Output/ble_app_uart_pca10040_s132 Release/Obj/bsp.o
 *fill*         0x000293da        0x2 
 .text.bsp_button_event_handler
                0x000293dc       0x9c Output/ble_app_uart_pca10040_s132 Release/Obj/bsp.o
 .text.button_timer_handler
                0x00029478        0x8 Output/ble_app_uart_pca10040_s132 Release/Obj/bsp.o
 .text.leds_off
                0x00029480       0x2c Output/ble_app_uart_pca10040_s132 Release/Obj/bsp.o
 .text.bsp_led_indication
                0x000294ac      0x204 Output/ble_app_uart_pca10040_s132 Release/Obj/bsp.o
 .text.leds_timer_handler
                0x000296b0       0x1c Output/ble_app_uart_pca10040_s132 Release/Obj/bsp.o
 .text.bsp_button_is_pressed
                0x000296cc        0xc Output/ble_app_uart_pca10040_s132 Release/Obj/bsp.o
                0x000296cc                bsp_button_is_pressed
 .text.bsp_indication_set
                0x000296d8       0x18 Output/ble_app_uart_pca10040_s132 Release/Obj/bsp.o
                0x000296d8                bsp_indication_set
 .text.bsp_init
                0x000296f0       0x9c Output/ble_app_uart_pca10040_s132 Release/Obj/bsp.o
                0x000296f0                bsp_init
 .text.bsp_event_to_button_action_assign
                0x0002978c       0x4c Output/ble_app_uart_pca10040_s132 Release/Obj/bsp.o
                0x0002978c                bsp_event_to_button_action_assign
 .text.bsp_wakeup_button_enable
                0x000297d8       0x30 Output/ble_app_uart_pca10040_s132 Release/Obj/bsp.o
                0x000297d8                bsp_wakeup_button_enable
 .text.advertising_buttons_configure
                0x00029808       0x36 Output/ble_app_uart_pca10040_s132 Release/Obj/bsp_btn_ble.o
 *fill*         0x0002983e        0x2 
 .text.ble_evt_handler
                0x00029840       0x80 Output/ble_app_uart_pca10040_s132 Release/Obj/bsp_btn_ble.o
 .text.bsp_btn_ble_sleep_mode_prepare
                0x000298c0       0x1e Output/ble_app_uart_pca10040_s132 Release/Obj/bsp_btn_ble.o
                0x000298c0                bsp_btn_ble_sleep_mode_prepare
 *fill*         0x000298de        0x2 
 .text.bsp_btn_ble_init
                0x000298e0       0x40 Output/ble_app_uart_pca10040_s132 Release/Obj/bsp_btn_ble.o
                0x000298e0                bsp_btn_ble_init
 .text.sd_ble_gap_disconnect
                0x00029920        0x4 Output/ble_app_uart_pca10040_s132 Release/Obj/main.o
 .text.sd_ble_gap_ppcp_set
                0x00029924        0x4 Output/ble_app_uart_pca10040_s132 Release/Obj/main.o
 .text.sd_ble_gap_device_name_set
                0x00029928        0x4 Output/ble_app_uart_pca10040_s132 Release/Obj/main.o
 .text.sd_ble_gap_sec_params_reply
                0x0002992c        0x4 Output/ble_app_uart_pca10040_s132 Release/Obj/main.o
 .text.sd_ble_gap_phy_update
                0x00029930        0x4 Output/ble_app_uart_pca10040_s132 Release/Obj/main.o
 .text.sd_ble_gatts_sys_attr_set
                0x00029934        0x4 Output/ble_app_uart_pca10040_s132 Release/Obj/main.o
 .text.sd_power_system_off
                0x00029938        0x4 Output/ble_app_uart_pca10040_s132 Release/Obj/main.o
 .text.nrf_qwr_error_handler
                0x0002993c        0x4 Output/ble_app_uart_pca10040_s132 Release/Obj/main.o
 .text.sleep_mode_enter
                0x00029940       0x28 Output/ble_app_uart_pca10040_s132 Release/Obj/main.o
 .text.ble_evt_handler
                0x00029968       0xcc Output/ble_app_uart_pca10040_s132 Release/Obj/main.o
 .text.gatt_evt_handler
                0x00029a34       0x4c Output/ble_app_uart_pca10040_s132 Release/Obj/main.o
                0x00029a34                gatt_evt_handler
 .text.on_conn_params_evt
                0x00029a80       0x20 Output/ble_app_uart_pca10040_s132 Release/Obj/main.o
 .text.bsp_event_handler
                0x00029aa0       0x4c Output/ble_app_uart_pca10040_s132 Release/Obj/main.o
                0x00029aa0                bsp_event_handler
 .text.on_adv_evt
                0x00029aec       0x22 Output/ble_app_uart_pca10040_s132 Release/Obj/main.o
 *fill*         0x00029b0e        0x2 
 .text.uart_event_handle
                0x00029b10       0x8c Output/ble_app_uart_pca10040_s132 Release/Obj/main.o
                0x00029b10                uart_event_handle
 .text.nus_data_handler
                0x00029b9c      0x134 Output/ble_app_uart_pca10040_s132 Release/Obj/main.o
 .text.conn_params_error_handler
                0x00029cd0        0x4 Output/ble_app_uart_pca10040_s132 Release/Obj/main.o
 .text.gatt_init
                0x00029cd4       0x2c Output/ble_app_uart_pca10040_s132 Release/Obj/main.o
                0x00029cd4                gatt_init
 .text.startup.main
                0x00029d00      0x220 Output/ble_app_uart_pca10040_s132 Release/Obj/main.o
                0x00029d00                main
 .text._GetAvailWriteSpace
                0x00029f20       0x1c Output/ble_app_uart_pca10040_s132 Release/Obj/SEGGER_RTT.o
 .text._WriteNoCheck
                0x00029f3c       0x3a Output/ble_app_uart_pca10040_s132 Release/Obj/SEGGER_RTT.o
 .text._WriteBlocking
                0x00029f76       0x52 Output/ble_app_uart_pca10040_s132 Release/Obj/SEGGER_RTT.o
 .text._DoInit  0x00029fc8       0x60 Output/ble_app_uart_pca10040_s132 Release/Obj/SEGGER_RTT.o
 .text.SEGGER_RTT_WriteNoLock
                0x0002a028       0x68 Output/ble_app_uart_pca10040_s132 Release/Obj/SEGGER_RTT.o
                0x0002a028                SEGGER_RTT_WriteNoLock
 .text.SEGGER_RTT_Init
                0x0002a090        0x4 Output/ble_app_uart_pca10040_s132 Release/Obj/SEGGER_RTT.o
                0x0002a090                SEGGER_RTT_Init
 .text.sd_ble_gap_addr_get
                0x0002a094        0x4 Output/ble_app_uart_pca10040_s132 Release/Obj/ble_advdata.o
 .text.sd_ble_gap_appearance_get
                0x0002a098        0x4 Output/ble_app_uart_pca10040_s132 Release/Obj/ble_advdata.o
 .text.sd_ble_gap_device_name_get
                0x0002a09c        0x4 Output/ble_app_uart_pca10040_s132 Release/Obj/ble_advdata.o
 .text.sd_ble_uuid_encode
                0x0002a0a0        0x4 Output/ble_app_uart_pca10040_s132 Release/Obj/ble_advdata.o
 .text.uuid_list_sized_encode
                0x0002a0a4       0xa4 Output/ble_app_uart_pca10040_s132 Release/Obj/ble_advdata.o
 .text.uuid_list_encode
                0x0002a148       0x34 Output/ble_app_uart_pca10040_s132 Release/Obj/ble_advdata.o
 .text.ble_advdata_encode
                0x0002a17c      0x392 Output/ble_app_uart_pca10040_s132 Release/Obj/ble_advdata.o
                0x0002a17c                ble_advdata_encode
 .text.ble_advdata_search
                0x0002a50e       0x38 Output/ble_app_uart_pca10040_s132 Release/Obj/ble_advdata.o
                0x0002a50e                ble_advdata_search
 .text.ble_advdata_parse
                0x0002a546       0x20 Output/ble_app_uart_pca10040_s132 Release/Obj/ble_advdata.o
                0x0002a546                ble_advdata_parse
 .text.sd_ble_gap_adv_set_configure
                0x0002a566        0x4 Output/ble_app_uart_pca10040_s132 Release/Obj/ble_advertising.o
 .text.sd_ble_gap_adv_start
                0x0002a56a        0x4 Output/ble_app_uart_pca10040_s132 Release/Obj/ble_advertising.o
 .text.sd_ble_gap_adv_stop
                0x0002a56e        0x4 Output/ble_app_uart_pca10040_s132 Release/Obj/ble_advertising.o
 .text.flags_set
                0x0002a572       0x2c Output/ble_app_uart_pca10040_s132 Release/Obj/ble_advertising.o
 .text.ble_advertising_conn_cfg_tag_set
                0x0002a59e        0x6 Output/ble_app_uart_pca10040_s132 Release/Obj/ble_advertising.o
                0x0002a59e                ble_advertising_conn_cfg_tag_set
 .text.ble_advertising_init
                0x0002a5a4       0xfe Output/ble_app_uart_pca10040_s132 Release/Obj/ble_advertising.o
                0x0002a5a4                ble_advertising_init
 .text.ble_advertising_start
                0x0002a6a2      0x21c Output/ble_app_uart_pca10040_s132 Release/Obj/ble_advertising.o
                0x0002a6a2                ble_advertising_start
 .text.ble_advertising_on_ble_evt
                0x0002a8be       0x6a Output/ble_app_uart_pca10040_s132 Release/Obj/ble_advertising.o
                0x0002a8be                ble_advertising_on_ble_evt
 .text.ble_advertising_on_sys_evt
                0x0002a928        0x2 Output/ble_app_uart_pca10040_s132 Release/Obj/ble_advertising.o
                0x0002a928                ble_advertising_on_sys_evt
 .text.ble_advertising_restart_without_whitelist
                0x0002a92a       0x3c Output/ble_app_uart_pca10040_s132 Release/Obj/ble_advertising.o
                0x0002a92a                ble_advertising_restart_without_whitelist
 .text.sd_ble_gap_conn_param_update
                0x0002a966        0x4 Output/ble_app_uart_pca10040_s132 Release/Obj/ble_conn_params.o
 .text.sd_ble_gap_disconnect
                0x0002a96a        0x4 Output/ble_app_uart_pca10040_s132 Release/Obj/ble_conn_params.o
 .text.sd_ble_gap_ppcp_set
                0x0002a96e        0x4 Output/ble_app_uart_pca10040_s132 Release/Obj/ble_conn_params.o
 .text.sd_ble_gap_ppcp_get
                0x0002a972        0x4 Output/ble_app_uart_pca10040_s132 Release/Obj/ble_conn_params.o
 *fill*         0x0002a976        0x2 
 .text.instance_get
                0x0002a978       0x14 Output/ble_app_uart_pca10040_s132 Release/Obj/ble_conn_params.o
 .text.send_error_evt
                0x0002a98c       0x10 Output/ble_app_uart_pca10040_s132 Release/Obj/ble_conn_params.o
 .text.update_timeout_handler
                0x0002a99c       0x6c Output/ble_app_uart_pca10040_s132 Release/Obj/ble_conn_params.o
 .text.conn_params_negotiation
                0x0002aa08       0x48 Output/ble_app_uart_pca10040_s132 Release/Obj/ble_conn_params.o
 .text.is_conn_params_ok.constprop.3
                0x0002aa50       0x3c Output/ble_app_uart_pca10040_s132 Release/Obj/ble_conn_params.o
 .text.ble_evt_handler
                0x0002aa8c       0xe0 Output/ble_app_uart_pca10040_s132 Release/Obj/ble_conn_params.o
 .text.ble_conn_params_init
                0x0002ab6c       0x74 Output/ble_app_uart_pca10040_s132 Release/Obj/ble_conn_params.o
                0x0002ab6c                ble_conn_params_init
 .text.conn_handle_list_get
                0x0002abe0       0x2e Output/ble_app_uart_pca10040_s132 Release/Obj/ble_conn_state.o
                0x0002abe0                conn_handle_list_get
 *fill*         0x0002ac0e        0x2 
 .text.ble_evt_handler
                0x0002ac10       0xd8 Output/ble_app_uart_pca10040_s132 Release/Obj/ble_conn_state.o
 .text.ble_conn_state_valid
                0x0002ace8       0x14 Output/ble_app_uart_pca10040_s132 Release/Obj/ble_conn_state.o
                0x0002ace8                ble_conn_state_valid
 .text.ble_conn_state_conn_idx
                0x0002acfc       0x12 Output/ble_app_uart_pca10040_s132 Release/Obj/ble_conn_state.o
                0x0002acfc                ble_conn_state_conn_idx
 .text.blcm_link_ctx_get
                0x0002ad0e       0x4e Output/ble_app_uart_pca10040_s132 Release/Obj/ble_link_ctx_manager.o
                0x0002ad0e                blcm_link_ctx_get
 .text.sd_ble_gatts_characteristic_add
                0x0002ad5c        0x4 Output/ble_app_uart_pca10040_s132 Release/Obj/ble_srv_common.o
 .text.set_security_req
                0x0002ad60       0x2a Output/ble_app_uart_pca10040_s132 Release/Obj/ble_srv_common.o
 .text.ble_srv_is_notification_enabled
                0x0002ad8a        0x8 Output/ble_app_uart_pca10040_s132 Release/Obj/ble_srv_common.o
                0x0002ad8a                ble_srv_is_notification_enabled
 .text.characteristic_add
                0x0002ad92      0x146 Output/ble_app_uart_pca10040_s132 Release/Obj/ble_srv_common.o
                0x0002ad92                characteristic_add
 .text.sd_ble_gap_data_length_update
                0x0002aed8        0x4 Output/ble_app_uart_pca10040_s132 Release/Obj/nrf_ble_gatt.o
 .text.sd_ble_gattc_exchange_mtu_request
                0x0002aedc        0x4 Output/ble_app_uart_pca10040_s132 Release/Obj/nrf_ble_gatt.o
 .text.sd_ble_gatts_exchange_mtu_reply
                0x0002aee0        0x4 Output/ble_app_uart_pca10040_s132 Release/Obj/nrf_ble_gatt.o
 .text.data_length_update
                0x0002aee4       0x7c Output/ble_app_uart_pca10040_s132 Release/Obj/nrf_ble_gatt.o
 .text.nrf_ble_gatt_init
                0x0002af60       0x2a Output/ble_app_uart_pca10040_s132 Release/Obj/nrf_ble_gatt.o
                0x0002af60                nrf_ble_gatt_init
 .text.nrf_ble_gatt_att_mtu_periph_set
                0x0002af8a       0x18 Output/ble_app_uart_pca10040_s132 Release/Obj/nrf_ble_gatt.o
                0x0002af8a                nrf_ble_gatt_att_mtu_periph_set
 *fill*         0x0002afa2        0x2 
 .text.nrf_ble_gatt_on_ble_evt
                0x0002afa4      0x1b0 Output/ble_app_uart_pca10040_s132 Release/Obj/nrf_ble_gatt.o
                0x0002afa4                nrf_ble_gatt_on_ble_evt
 .text.sd_ble_gatts_rw_authorize_reply
                0x0002b154        0x4 Output/ble_app_uart_pca10040_s132 Release/Obj/nrf_ble_qwr.o
 .text.sd_ble_user_mem_reply
                0x0002b158        0x4 Output/ble_app_uart_pca10040_s132 Release/Obj/nrf_ble_qwr.o
 .text.user_mem_reply.part.0
                0x0002b15c       0x24 Output/ble_app_uart_pca10040_s132 Release/Obj/nrf_ble_qwr.o
 .text.nrf_ble_qwr_init
                0x0002b180       0x24 Output/ble_app_uart_pca10040_s132 Release/Obj/nrf_ble_qwr.o
                0x0002b180                nrf_ble_qwr_init
 .text.nrf_ble_qwr_conn_handle_assign
                0x0002b1a4       0x16 Output/ble_app_uart_pca10040_s132 Release/Obj/nrf_ble_qwr.o
                0x0002b1a4                nrf_ble_qwr_conn_handle_assign
 .text.nrf_ble_qwr_on_ble_evt
                0x0002b1ba       0xa0 Output/ble_app_uart_pca10040_s132 Release/Obj/nrf_ble_qwr.o
                0x0002b1ba                nrf_ble_qwr_on_ble_evt
 .text.sd_ble_gatts_service_add
                0x0002b25a        0x4 Output/ble_app_uart_pca10040_s132 Release/Obj/ble_nus.o
 .text.sd_ble_gatts_value_get
                0x0002b25e        0x4 Output/ble_app_uart_pca10040_s132 Release/Obj/ble_nus.o
 .text.sd_ble_gatts_hvx
                0x0002b262        0x4 Output/ble_app_uart_pca10040_s132 Release/Obj/ble_nus.o
 .text.sd_ble_uuid_vs_add
                0x0002b266        0x4 Output/ble_app_uart_pca10040_s132 Release/Obj/ble_nus.o
 .text.ble_nus_on_ble_evt
                0x0002b26a      0x134 Output/ble_app_uart_pca10040_s132 Release/Obj/ble_nus.o
                0x0002b26a                ble_nus_on_ble_evt
 *fill*         0x0002b39e        0x2 
 .text.ble_nus_init
                0x0002b3a0       0xe8 Output/ble_app_uart_pca10040_s132 Release/Obj/ble_nus.o
                0x0002b3a0                ble_nus_init
 .text.ble_nus_data_send
                0x0002b488       0x66 Output/ble_app_uart_pca10040_s132 Release/Obj/ble_nus.o
                0x0002b488                ble_nus_data_send
 .text.sd_softdevice_enable
                0x0002b4ee        0x4 Output/ble_app_uart_pca10040_s132 Release/Obj/nrf_sdh.o
 *fill*         0x0002b4f2        0x2 
 .text.sdh_request_observer_notify
                0x0002b4f4       0x30 Output/ble_app_uart_pca10040_s132 Release/Obj/nrf_sdh.o
 .text.sdh_state_observer_notify
                0x0002b524       0x28 Output/ble_app_uart_pca10040_s132 Release/Obj/nrf_sdh.o
 .text.softdevices_evt_irq_enable
                0x0002b54c       0x38 Output/ble_app_uart_pca10040_s132 Release/Obj/nrf_sdh.o
 .text.nrf_sdh_enable_request
                0x0002b584       0x78 Output/ble_app_uart_pca10040_s132 Release/Obj/nrf_sdh.o
                0x0002b584                nrf_sdh_enable_request
 .text.nrf_sdh_is_enabled
                0x0002b5fc        0xc Output/ble_app_uart_pca10040_s132 Release/Obj/nrf_sdh.o
                0x0002b5fc                nrf_sdh_is_enabled
 .text.nrf_sdh_evts_poll
                0x0002b608       0x28 Output/ble_app_uart_pca10040_s132 Release/Obj/nrf_sdh.o
                0x0002b608                nrf_sdh_evts_poll
 .text.SWI2_EGU2_IRQHandler
                0x0002b630        0x4 Output/ble_app_uart_pca10040_s132 Release/Obj/nrf_sdh.o
                0x0002b630                SWI2_EGU2_IRQHandler
 .text.sd_ble_enable
                0x0002b634        0x4 Output/ble_app_uart_pca10040_s132 Release/Obj/nrf_sdh_ble.o
 .text.sd_ble_cfg_set
                0x0002b638        0x4 Output/ble_app_uart_pca10040_s132 Release/Obj/nrf_sdh_ble.o
 .text.sd_ble_evt_get
                0x0002b63c        0x4 Output/ble_app_uart_pca10040_s132 Release/Obj/nrf_sdh_ble.o
 .text.nrf_sdh_ble_evts_poll.part.1
                0x0002b640       0x4c Output/ble_app_uart_pca10040_s132 Release/Obj/nrf_sdh_ble.o
 .text.nrf_sdh_ble_evts_poll
                0x0002b68c       0x10 Output/ble_app_uart_pca10040_s132 Release/Obj/nrf_sdh_ble.o
 .text.nrf_sdh_ble_default_cfg_set
                0x0002b69c      0x1a0 Output/ble_app_uart_pca10040_s132 Release/Obj/nrf_sdh_ble.o
                0x0002b69c                nrf_sdh_ble_default_cfg_set
 .text.nrf_sdh_ble_enable
                0x0002b83c       0x94 Output/ble_app_uart_pca10040_s132 Release/Obj/nrf_sdh_ble.o
                0x0002b83c                nrf_sdh_ble_enable
 .text.sd_evt_get
                0x0002b8d0        0x4 Output/ble_app_uart_pca10040_s132 Release/Obj/nrf_sdh_soc.o
 .text.nrf_sdh_soc_evts_poll
                0x0002b8d4       0x3c Output/ble_app_uart_pca10040_s132 Release/Obj/nrf_sdh_soc.o
 .text.libc.__int64_udivmod
                0x0002b910       0xce C:/Program Files (x86)/SEGGER/SEGGER Embedded Studio for ARM 3.40/lib/libc_v7em_fpv4_sp_d16_hard_t_le_eabi.a(libc_asm.o)
                0x0002b910                __aeabi_uldivmod
                0x0002b910                __int64_udiv
                0x0002b910                __udivdi3
                0x0002b910                __int64_udivmod
 *fill*         0x0002b9de        0x2 
 .text.libc.__RAL_ascii_isctype
                0x0002b9e0       0x1c C:/Program Files (x86)/SEGGER/SEGGER Embedded Studio for ARM 3.40/lib/libc_v7em_fpv4_sp_d16_hard_t_le_eabi.a(libc2.o)
 .text.libc.__RAL_ascii_toupper
                0x0002b9fc        0xc C:/Program Files (x86)/SEGGER/SEGGER Embedded Studio for ARM 3.40/lib/libc_v7em_fpv4_sp_d16_hard_t_le_eabi.a(libc2.o)
 .text.libc.__RAL_ascii_tolower
                0x0002ba08        0xc C:/Program Files (x86)/SEGGER/SEGGER Embedded Studio for ARM 3.40/lib/libc_v7em_fpv4_sp_d16_hard_t_le_eabi.a(libc2.o)
 .text.libc.__RAL_ascii_iswctype
                0x0002ba14       0x1c C:/Program Files (x86)/SEGGER/SEGGER Embedded Studio for ARM 3.40/lib/libc_v7em_fpv4_sp_d16_hard_t_le_eabi.a(libc2.o)
 .text.libc.__RAL_ascii_towupper
                0x0002ba30        0xc C:/Program Files (x86)/SEGGER/SEGGER Embedded Studio for ARM 3.40/lib/libc_v7em_fpv4_sp_d16_hard_t_le_eabi.a(libc2.o)
 .text.libc.__RAL_ascii_towlower
                0x0002ba3c        0xc C:/Program Files (x86)/SEGGER/SEGGER Embedded Studio for ARM 3.40/lib/libc_v7em_fpv4_sp_d16_hard_t_le_eabi.a(libc2.o)
 .text.libc.__RAL_ascii_wctomb
                0x0002ba48        0xe C:/Program Files (x86)/SEGGER/SEGGER Embedded Studio for ARM 3.40/lib/libc_v7em_fpv4_sp_d16_hard_t_le_eabi.a(libc2.o)
                0x0002ba48                __RAL_ascii_wctomb
 .text.libc.__RAL_ascii_mbtowc
                0x0002ba56       0x24 C:/Program Files (x86)/SEGGER/SEGGER Embedded Studio for ARM 3.40/lib/libc_v7em_fpv4_sp_d16_hard_t_le_eabi.a(libc2.o)
                0x0002ba56                __RAL_ascii_mbtowc
 .text.libc.__putc
                0x0002ba7a       0x34 C:/Program Files (x86)/SEGGER/SEGGER Embedded Studio for ARM 3.40/lib/libc_v7em_fpv4_sp_d16_hard_t_le_eabi.a(libc2.o)
                0x0002ba7a                __putc
 .text.libc.__RAL_print_padding
                0x0002baae       0x1c C:/Program Files (x86)/SEGGER/SEGGER Embedded Studio for ARM 3.40/lib/libc_v7em_fpv4_sp_d16_hard_t_le_eabi.a(libc2.o)
                0x0002baae                __RAL_print_padding
 .text.libc.__RAL_pre_padding
                0x0002baca       0x1c C:/Program Files (x86)/SEGGER/SEGGER Embedded Studio for ARM 3.40/lib/libc_v7em_fpv4_sp_d16_hard_t_le_eabi.a(libc2.o)
                0x0002baca                __RAL_pre_padding
 *fill*         0x0002bae6        0x2 
 .text.libc.__RAL_isctype
                0x0002bae8       0x14 C:/Program Files (x86)/SEGGER/SEGGER Embedded Studio for ARM 3.40/lib/libc_v7em_fpv4_sp_d16_hard_t_le_eabi.a(libc2.o)
                0x0002bae8                __RAL_isctype
 .text.libc.isprint
                0x0002bafc        0xa C:/Program Files (x86)/SEGGER/SEGGER Embedded Studio for ARM 3.40/lib/libc_v7em_fpv4_sp_d16_hard_t_le_eabi.a(libc2.o)
                0x0002bafc                isprint
 *fill*         0x0002bb06        0x2 
 .text.libc.printf
                0x0002bb08       0x40 C:/Program Files (x86)/SEGGER/SEGGER Embedded Studio for ARM 3.40/lib/libc_v7em_fpv4_sp_d16_hard_t_le_eabi.a(libc2.o)
                0x0002bb08                printf
 .text.libc.strnlen
                0x0002bb48       0x20 C:/Program Files (x86)/SEGGER/SEGGER Embedded Studio for ARM 3.40/lib/libc_v7em_fpv4_sp_d16_hard_t_le_eabi.a(libc2.o)
                0x0002bb48                strnlen
 .text.libc.memcpy
                0x0002bb68       0x52 C:/Program Files (x86)/SEGGER/SEGGER Embedded Studio for ARM 3.40/lib/libc_v7em_fpv4_sp_d16_hard_t_le_eabi.a(libc2_asm.o)
                0x0002bb68                __aeabi_memcpy
                0x0002bb68                memcpy
                0x0002bb74                __aeabi_memcpy8
                0x0002bb74                __aeabi_memcpy4
 .text.libc.memset
                0x0002bbba       0x66 C:/Program Files (x86)/SEGGER/SEGGER Embedded Studio for ARM 3.40/lib/libc_v7em_fpv4_sp_d16_hard_t_le_eabi.a(libc2_asm.o)
                0x0002bbba                memset
 .text.libc.strcpy
                0x0002bc20       0x44 C:/Program Files (x86)/SEGGER/SEGGER Embedded Studio for ARM 3.40/lib/libc_v7em_fpv4_sp_d16_hard_t_le_eabi.a(libc2_asm.o)
                0x0002bc20                strcpy
 .text.libc.strcmp
                0x0002bc64       0x4e C:/Program Files (x86)/SEGGER/SEGGER Embedded Studio for ARM 3.40/lib/libc_v7em_fpv4_sp_d16_hard_t_le_eabi.a(libc2_asm.o)
                0x0002bc64                strcmp
 .text.libc.strlen
                0x0002bcb2       0x60 C:/Program Files (x86)/SEGGER/SEGGER Embedded Studio for ARM 3.40/lib/libc_v7em_fpv4_sp_d16_hard_t_le_eabi.a(libc2_asm.o)
                0x0002bcb2                strlen
 .text.libc.__printf_lock
                0x0002bd12        0x2 C:/Program Files (x86)/SEGGER/SEGGER Embedded Studio for ARM 3.40/lib/libc_v7em_fpv4_sp_d16_hard_t_le_eabi.a(libc.o)
                0x0002bd12                __printf_lock
 .text.libc.__printf_unlock
                0x0002bd14        0x2 C:/Program Files (x86)/SEGGER/SEGGER Embedded Studio for ARM 3.40/lib/libc_v7em_fpv4_sp_d16_hard_t_le_eabi.a(libc.o)
                0x0002bd14                __printf_unlock
 *fill*         0x0002bd16        0x2 
 .text.libc.__vfprintf_long
                0x0002bd18      0x730 C:/Program Files (x86)/SEGGER/SEGGER Embedded Studio for ARM 3.40/lib/libvfprintf_v7em_fpv4_sp_d16_hard_t_le_eabi.o
                0x0002bd18                __vfprintf_long
                0x0002c448                __text_end__ = (__text_start__ + SIZEOF (.text))
                0x00006070                __text_size__ = SIZEOF (.text)
                0x0002c448                __text_load_end__ = __text_end__

.vfp11_veneer   0x00000000        0x0
 .vfp11_veneer  0x00000000        0x0 linker stubs

.v4_bx          0x00000000        0x0
 .v4_bx         0x00000000        0x0 linker stubs

.iplt           0x00000000        0x0
 .iplt          0x00000000        0x0 Output/ble_app_uart_pca10040_s132 Release/Obj/thumb_crt0.o
                0x00000001                . = ASSERT (((__text_start__ == __text_end__) || ((__text_end__ >= __FLASH_segment_start__) && (__text_end__ <= __FLASH_segment_end__))), error: .text is too large to fit in FLASH memory segment)
                0x0002c448                __sdh_soc_observers_load_start__ = ALIGN (__text_end__, 0x4)

.sdh_soc_observers
                0x0002c448       0x10
                0x0002c448                __sdh_soc_observers_start__ = .
                0x0002c448                __start_sdh_soc_observers = __sdh_soc_observers_start__
 *(SORT_BY_NAME(.sdh_soc_observers*))
 .sdh_soc_observers0
                0x0002c448        0x8 Output/ble_app_uart_pca10040_s132 Release/Obj/nrf_drv_clock.o
 .sdh_soc_observers1
                0x0002c450        0x8 Output/ble_app_uart_pca10040_s132 Release/Obj/main.o
                0x0002c458                __sdh_soc_observers_end__ = (__sdh_soc_observers_start__ + SIZEOF (.sdh_soc_observers))
                0x00000010                __sdh_soc_observers_size__ = SIZEOF (.sdh_soc_observers)
                0x0002c458                __stop_sdh_soc_observers = __sdh_soc_observers_end__
                0x0002c458                __sdh_soc_observers_load_end__ = __sdh_soc_observers_end__
                0x00000001                . = ASSERT (((__sdh_soc_observers_start__ == __sdh_soc_observers_end__) || ((__sdh_soc_observers_end__ >= __FLASH_segment_start__) && (__sdh_soc_observers_end__ <= __FLASH_segment_end__))), error: .sdh_soc_observers is too large to fit in FLASH memory segment)
                0x0002c458                __sdh_ble_observers_load_start__ = ALIGN (__sdh_soc_observers_end__, 0x4)

.sdh_ble_observers
                0x0002c458       0x40
                0x0002c458                __sdh_ble_observers_start__ = .
                0x0002c458                __start_sdh_ble_observers = __sdh_ble_observers_start__
 *(SORT_BY_NAME(.sdh_ble_observers*))
 .sdh_ble_observers0
                0x0002c458        0x8 Output/ble_app_uart_pca10040_s132 Release/Obj/ble_conn_state.o
 .sdh_ble_observers1
                0x0002c460        0x8 Output/ble_app_uart_pca10040_s132 Release/Obj/bsp_btn_ble.o
 .sdh_ble_observers1
                0x0002c468       0x10 Output/ble_app_uart_pca10040_s132 Release/Obj/main.o
 .sdh_ble_observers1
                0x0002c478        0x8 Output/ble_app_uart_pca10040_s132 Release/Obj/ble_conn_params.o
 .sdh_ble_observers2
                0x0002c480       0x10 Output/ble_app_uart_pca10040_s132 Release/Obj/main.o
 .sdh_ble_observers3
                0x0002c490        0x8 Output/ble_app_uart_pca10040_s132 Release/Obj/main.o
                0x0002c498                __sdh_ble_observers_end__ = (__sdh_ble_observers_start__ + SIZEOF (.sdh_ble_observers))
                0x00000040                __sdh_ble_observers_size__ = SIZEOF (.sdh_ble_observers)
                0x0002c498                __stop_sdh_ble_observers = __sdh_ble_observers_end__
                0x0002c498                __sdh_ble_observers_load_end__ = __sdh_ble_observers_end__
                0x00000001                . = ASSERT (((__sdh_ble_observers_start__ == __sdh_ble_observers_end__) || ((__sdh_ble_observers_end__ >= __FLASH_segment_start__) && (__sdh_ble_observers_end__ <= __FLASH_segment_end__))), error: .sdh_ble_observers is too large to fit in FLASH memory segment)
                0x0002c498                __pwr_mgmt_data_load_start__ = ALIGN (__sdh_ble_observers_end__, 0x4)

.pwr_mgmt_data  0x0002c498        0x0
                0x0002c498                __pwr_mgmt_data_start__ = .
                0x0002c498                __start_pwr_mgmt_data = __pwr_mgmt_data_start__
 *(SORT_BY_NAME(.pwr_mgmt_data*))
                0x0002c498                __pwr_mgmt_data_end__ = (__pwr_mgmt_data_start__ + SIZEOF (.pwr_mgmt_data))
                0x00000000                __pwr_mgmt_data_size__ = SIZEOF (.pwr_mgmt_data)
                0x0002c498                __stop_pwr_mgmt_data = __pwr_mgmt_data_end__
                0x0002c498                __pwr_mgmt_data_load_end__ = __pwr_mgmt_data_end__
                0x00000001                . = ASSERT (((__pwr_mgmt_data_start__ == __pwr_mgmt_data_end__) || ((__pwr_mgmt_data_end__ >= __FLASH_segment_start__) && (__pwr_mgmt_data_end__ <= __FLASH_segment_end__))), error: .pwr_mgmt_data is too large to fit in FLASH memory segment)
                0x0002c498                __sdh_stack_observers_load_start__ = ALIGN (__pwr_mgmt_data_end__, 0x4)

.sdh_stack_observers
                0x0002c498       0x10
                0x0002c498                __sdh_stack_observers_start__ = .
                0x0002c498                __start_sdh_stack_observers = __sdh_stack_observers_start__
 *(SORT_BY_NAME(.sdh_stack_observers*))
 .sdh_stack_observers0
                0x0002c498        0x8 Output/ble_app_uart_pca10040_s132 Release/Obj/nrf_sdh_ble.o
 .sdh_stack_observers0
                0x0002c4a0        0x8 Output/ble_app_uart_pca10040_s132 Release/Obj/nrf_sdh_soc.o
                0x0002c4a8                __sdh_stack_observers_end__ = (__sdh_stack_observers_start__ + SIZEOF (.sdh_stack_observers))
                0x00000010                __sdh_stack_observers_size__ = SIZEOF (.sdh_stack_observers)
                0x0002c4a8                __stop_sdh_stack_observers = __sdh_stack_observers_end__
                0x0002c4a8                __sdh_stack_observers_load_end__ = __sdh_stack_observers_end__
                0x00000001                . = ASSERT (((__sdh_stack_observers_start__ == __sdh_stack_observers_end__) || ((__sdh_stack_observers_end__ >= __FLASH_segment_start__) && (__sdh_stack_observers_end__ <= __FLASH_segment_end__))), error: .sdh_stack_observers is too large to fit in FLASH memory segment)
                0x0002c4a8                __sdh_req_observers_load_start__ = ALIGN (__sdh_stack_observers_end__, 0x4)

.sdh_req_observers
                0x0002c4a8        0x0
                0x0002c4a8                __sdh_req_observers_start__ = .
                0x0002c4a8                __start_sdh_req_observers = __sdh_req_observers_start__
 *(SORT_BY_NAME(.sdh_req_observers*))
                0x0002c4a8                __sdh_req_observers_end__ = (__sdh_req_observers_start__ + SIZEOF (.sdh_req_observers))
                0x00000000                __sdh_req_observers_size__ = SIZEOF (.sdh_req_observers)
                0x0002c4a8                __stop_sdh_req_observers = __sdh_req_observers_end__
                0x0002c4a8                __sdh_req_observers_load_end__ = __sdh_req_observers_end__
                0x00000001                . = ASSERT (((__sdh_req_observers_start__ == __sdh_req_observers_end__) || ((__sdh_req_observers_end__ >= __FLASH_segment_start__) && (__sdh_req_observers_end__ <= __FLASH_segment_end__))), error: .sdh_req_observers is too large to fit in FLASH memory segment)
                0x0002c4a8                __sdh_state_observers_load_start__ = ALIGN (__sdh_req_observers_end__, 0x4)

.sdh_state_observers
                0x0002c4a8        0x8
                0x0002c4a8                __sdh_state_observers_start__ = .
                0x0002c4a8                __start_sdh_state_observers = __sdh_state_observers_start__
 *(SORT_BY_NAME(.sdh_state_observers*))
 .sdh_state_observers0
                0x0002c4a8        0x8 Output/ble_app_uart_pca10040_s132 Release/Obj/nrf_drv_clock.o
                0x0002c4b0                __sdh_state_observers_end__ = (__sdh_state_observers_start__ + SIZEOF (.sdh_state_observers))
                0x00000008                __sdh_state_observers_size__ = SIZEOF (.sdh_state_observers)
                0x0002c4b0                __stop_sdh_state_observers = __sdh_state_observers_end__
                0x0002c4b0                __sdh_state_observers_load_end__ = __sdh_state_observers_end__
                0x00000001                . = ASSERT (((__sdh_state_observers_start__ == __sdh_state_observers_end__) || ((__sdh_state_observers_end__ >= __FLASH_segment_start__) && (__sdh_state_observers_end__ <= __FLASH_segment_end__))), error: .sdh_state_observers is too large to fit in FLASH memory segment)
                0x0002c4b0                __nrf_queue_load_start__ = ALIGN (__sdh_state_observers_end__, 0x4)

.nrf_queue      0x0002c4b0        0x0
                0x0002c4b0                __nrf_queue_start__ = .
                0x0002c4b0                __start_nrf_queue = __nrf_queue_start__
 *(.nrf_queue*)
                0x0002c4b0                __nrf_queue_end__ = (__nrf_queue_start__ + SIZEOF (.nrf_queue))
                0x00000000                __nrf_queue_size__ = SIZEOF (.nrf_queue)
                0x0002c4b0                __stop_nrf_queue = __nrf_queue_end__
                0x0002c4b0                __nrf_queue_load_end__ = __nrf_queue_end__
                0x00000001                . = ASSERT (((__nrf_queue_start__ == __nrf_queue_end__) || ((__nrf_queue_end__ >= __FLASH_segment_start__) && (__nrf_queue_end__ <= __FLASH_segment_end__))), error: .nrf_queue is too large to fit in FLASH memory segment)
                0x0002c4b0                __nrf_balloc_load_start__ = ALIGN (__nrf_queue_end__, 0x4)

.nrf_balloc     0x0002c4b0       0x14
                0x0002c4b0                __nrf_balloc_start__ = .
                0x0002c4b0                __start_nrf_balloc = __nrf_balloc_start__
 *(.nrf_balloc*)
 .nrf_balloc    0x0002c4b0       0x14 Output/ble_app_uart_pca10040_s132 Release/Obj/nrf_log_frontend.o
                0x0002c4b0                log_mempool
                0x0002c4c4                __nrf_balloc_end__ = (__nrf_balloc_start__ + SIZEOF (.nrf_balloc))
                0x00000014                __nrf_balloc_size__ = SIZEOF (.nrf_balloc)
                0x0002c4c4                __stop_nrf_balloc = __nrf_balloc_end__
                0x0002c4c4                __nrf_balloc_load_end__ = __nrf_balloc_end__
                0x00000001                . = ASSERT (((__nrf_balloc_start__ == __nrf_balloc_end__) || ((__nrf_balloc_end__ >= __FLASH_segment_start__) && (__nrf_balloc_end__ <= __FLASH_segment_end__))), error: .nrf_balloc is too large to fit in FLASH memory segment)
                0x0002c4c4                __cli_command_load_start__ = ALIGN (__nrf_balloc_end__, 0x4)

.cli_command    0x0002c4c4        0x0
                0x0002c4c4                __cli_command_start__ = .
                0x0002c4c4                __start_cli_command = __cli_command_start__
 *(.cli_command*)
                0x0002c4c4                __cli_command_end__ = (__cli_command_start__ + SIZEOF (.cli_command))
                0x00000000                __cli_command_size__ = SIZEOF (.cli_command)
                0x0002c4c4                __stop_cli_command = __cli_command_end__
                0x0002c4c4                __cli_command_load_end__ = __cli_command_end__
                0x00000001                . = ASSERT (((__cli_command_start__ == __cli_command_end__) || ((__cli_command_end__ >= __FLASH_segment_start__) && (__cli_command_end__ <= __FLASH_segment_end__))), error: .cli_command is too large to fit in FLASH memory segment)
                0x0002c4c4                __crypto_data_load_start__ = ALIGN (__cli_command_end__, 0x4)

.crypto_data    0x0002c4c4        0x0
                0x0002c4c4                __crypto_data_start__ = .
                0x0002c4c4                __start_crypto_data = __crypto_data_start__
 *(SORT_BY_NAME(.crypto_data*))
                0x0002c4c4                __crypto_data_end__ = (__crypto_data_start__ + SIZEOF (.crypto_data))
                0x00000000                __crypto_data_size__ = SIZEOF (.crypto_data)
                0x0002c4c4                __stop_crypto_data = __crypto_data_end__
                0x0002c4c4                __crypto_data_load_end__ = __crypto_data_end__
                0x00000001                . = ASSERT (((__crypto_data_start__ == __crypto_data_end__) || ((__crypto_data_end__ >= __FLASH_segment_start__) && (__crypto_data_end__ <= __FLASH_segment_end__))), error: .crypto_data is too large to fit in FLASH memory segment)
                0x0002c4c4                __log_const_data_load_start__ = ALIGN (__crypto_data_end__, 0x4)

.log_const_data
                0x0002c4c4       0x70
                0x0002c4c4                __log_const_data_start__ = .
                0x0002c4c4                __start_log_const_data = __log_const_data_start__
 *(SORT_BY_NAME(.log_const_data*))
 .log_const_data_CLOCK
                0x0002c4c4        0x8 Output/ble_app_uart_pca10040_s132 Release/Obj/nrfx_clock.o
                0x0002c4c4                m_nrf_log_CLOCK_logs_data_const
 .log_const_data_GPIOTE
                0x0002c4cc        0x8 Output/ble_app_uart_pca10040_s132 Release/Obj/nrfx_gpiote.o
                0x0002c4cc                m_nrf_log_GPIOTE_logs_data_const
 .log_const_data_PRS
                0x0002c4d4        0x8 Output/ble_app_uart_pca10040_s132 Release/Obj/nrfx_prs.o
                0x0002c4d4                m_nrf_log_PRS_logs_data_const
 .log_const_data_UART
                0x0002c4dc        0x8 Output/ble_app_uart_pca10040_s132 Release/Obj/nrfx_uart.o
                0x0002c4dc                m_nrf_log_UART_logs_data_const
 .log_const_data_UARTE
                0x0002c4e4        0x8 Output/ble_app_uart_pca10040_s132 Release/Obj/nrfx_uarte.o
                0x0002c4e4                m_nrf_log_UARTE_logs_data_const
 .log_const_data_app
                0x0002c4ec        0x8 Output/ble_app_uart_pca10040_s132 Release/Obj/nrf_log_frontend.o
                0x0002c4ec                m_nrf_log_app_logs_data_const
 .log_const_data_ble_bas
                0x0002c4f4        0x8 Output/ble_app_uart_pca10040_s132 Release/Obj/ble_bas.o
                0x0002c4f4                m_nrf_log_ble_bas_logs_data_const
 .log_const_data_ble_nus
                0x0002c4fc        0x8 Output/ble_app_uart_pca10040_s132 Release/Obj/ble_nus.o
                0x0002c4fc                m_nrf_log_ble_nus_logs_data_const
 .log_const_data_clock
                0x0002c504        0x8 Output/ble_app_uart_pca10040_s132 Release/Obj/nrf_drv_clock.o
                0x0002c504                m_nrf_log_clock_logs_data_const
 .log_const_data_nrf_ble_gatt
                0x0002c50c        0x8 Output/ble_app_uart_pca10040_s132 Release/Obj/nrf_ble_gatt.o
                0x0002c50c                m_nrf_log_nrf_ble_gatt_logs_data_const
 .log_const_data_nrf_sdh
                0x0002c514        0x8 Output/ble_app_uart_pca10040_s132 Release/Obj/nrf_sdh.o
                0x0002c514                m_nrf_log_nrf_sdh_logs_data_const
 .log_const_data_nrf_sdh_ble
                0x0002c51c        0x8 Output/ble_app_uart_pca10040_s132 Release/Obj/nrf_sdh_ble.o
                0x0002c51c                m_nrf_log_nrf_sdh_ble_logs_data_const
 .log_const_data_nrf_sdh_soc
                0x0002c524        0x8 Output/ble_app_uart_pca10040_s132 Release/Obj/nrf_sdh_soc.o
                0x0002c524                m_nrf_log_nrf_sdh_soc_logs_data_const
 .log_const_data_pwr_mgmt
                0x0002c52c        0x8 Output/ble_app_uart_pca10040_s132 Release/Obj/nrf_pwr_mgmt.o
                0x0002c52c                m_nrf_log_pwr_mgmt_logs_data_const
                0x0002c534                __log_const_data_end__ = (__log_const_data_start__ + SIZEOF (.log_const_data))
                0x00000070                __log_const_data_size__ = SIZEOF (.log_const_data)
                0x0002c534                __stop_log_const_data = __log_const_data_end__
                0x0002c534                __log_const_data_load_end__ = __log_const_data_end__
                0x00000001                . = ASSERT (((__log_const_data_start__ == __log_const_data_end__) || ((__log_const_data_end__ >= __FLASH_segment_start__) && (__log_const_data_end__ <= __FLASH_segment_end__))), error: .log_const_data is too large to fit in FLASH memory segment)
                0x0002c534                __log_backends_load_start__ = ALIGN (__log_const_data_end__, 0x4)

.log_backends   0x0002c534       0x10
                0x0002c534                __log_backends_start__ = .
                0x0002c534                __start_log_backends = __log_backends_start__
 *(SORT_BY_NAME(.log_backends*))
 .log_backends  0x0002c534       0x10 Output/ble_app_uart_pca10040_s132 Release/Obj/nrf_log_default_backends.o
                0x0002c544                __log_backends_end__ = (__log_backends_start__ + SIZEOF (.log_backends))
                0x00000010                __log_backends_size__ = SIZEOF (.log_backends)
                0x0002c544                __stop_log_backends = __log_backends_end__
                0x0002c544                __log_backends_load_end__ = __log_backends_end__
                0x00000001                . = ASSERT (((__log_backends_start__ == __log_backends_end__) || ((__log_backends_end__ >= __FLASH_segment_start__) && (__log_backends_end__ <= __FLASH_segment_end__))), error: .log_backends is too large to fit in FLASH memory segment)
                0x0002c544                __nrf_sections_load_start__ = ALIGN (__log_backends_end__, 0x4)

.nrf_sections   0x0002c544        0x0
                0x0002c544                __nrf_sections_start__ = .
                0x0002c544                __start_nrf_sections = __nrf_sections_start__
 *(.nrf_sections .nrf_sections.*)
                0x0002c544                __nrf_sections_end__ = (__nrf_sections_start__ + SIZEOF (.nrf_sections))
                0x00000000                __nrf_sections_size__ = SIZEOF (.nrf_sections)
                0x0002c544                __nrf_sections_load_end__ = __nrf_sections_end__
                0x00000001                . = ASSERT (((__nrf_sections_start__ == __nrf_sections_end__) || ((__nrf_sections_end__ >= __FLASH_segment_start__) && (__nrf_sections_end__ <= __FLASH_segment_end__))), error: .nrf_sections is too large to fit in FLASH memory segment)
                0x0002c544                __cli_sorted_cmd_ptrs_load_start__ = ALIGN (__nrf_sections_end__, 0x4)

.cli_sorted_cmd_ptrs
                0x20002a98        0x0 load address 0x0002c544
                0x20002a98                __cli_sorted_cmd_ptrs_start__ = .
 *(.cli_sorted_cmd_ptrs*)
                0x20002a98                __cli_sorted_cmd_ptrs_end__ = (__cli_sorted_cmd_ptrs_start__ + SIZEOF (.cli_sorted_cmd_ptrs))
                0x00000000                __cli_sorted_cmd_ptrs_size__ = SIZEOF (.cli_sorted_cmd_ptrs)
                0x0002c544                __cli_sorted_cmd_ptrs_load_end__ = (__cli_sorted_cmd_ptrs_load_start__ + SIZEOF (.cli_sorted_cmd_ptrs))
                0x00000001                . = ASSERT (((__cli_sorted_cmd_ptrs_load_start__ == __cli_sorted_cmd_ptrs_load_end__) || ((__cli_sorted_cmd_ptrs_load_end__ >= __FLASH_segment_start__) && (__cli_sorted_cmd_ptrs_load_end__ <= __FLASH_segment_end__))), error: .cli_sorted_cmd_ptrs is too large to fit in FLASH memory segment)

.cli_sorted_cmd_ptrs_run
                0x20002a98        0x0
                0x20002a98                __cli_sorted_cmd_ptrs_run_start__ = .
                0x20002a98                __start_cli_sorted_cmd_ptrs = __cli_sorted_cmd_ptrs_run_start__
                0x20002a98                . = MAX ((__cli_sorted_cmd_ptrs_run_start__ + SIZEOF (.cli_sorted_cmd_ptrs)), .)
                0x20002a98                __cli_sorted_cmd_ptrs_run_end__ = (__cli_sorted_cmd_ptrs_run_start__ + SIZEOF (.cli_sorted_cmd_ptrs_run))
                0x00000000                __cli_sorted_cmd_ptrs_run_size__ = SIZEOF (.cli_sorted_cmd_ptrs_run)
                0x20002a98                __stop_cli_sorted_cmd_ptrs = __cli_sorted_cmd_ptrs_run_end__
                0x20002a98                __cli_sorted_cmd_ptrs_run_load_end__ = __cli_sorted_cmd_ptrs_run_end__
                0x00000001                . = ASSERT (((__cli_sorted_cmd_ptrs_run_start__ == __cli_sorted_cmd_ptrs_run_end__) || ((__cli_sorted_cmd_ptrs_run_end__ >= __RAM_segment_start__) && (__cli_sorted_cmd_ptrs_run_end__ <= __RAM_segment_end__))), error: .cli_sorted_cmd_ptrs_run is too large to fit in RAM memory segment)
                0x0002c544                __fs_data_load_start__ = ALIGN ((__cli_sorted_cmd_ptrs_load_start__ + SIZEOF (.cli_sorted_cmd_ptrs)), 0x4)

.fs_data        0x20002a98        0x0 load address 0x0002c544
                0x20002a98                __fs_data_start__ = .
 *(.fs_data*)
                0x20002a98                __fs_data_end__ = (__fs_data_start__ + SIZEOF (.fs_data))
                0x00000000                __fs_data_size__ = SIZEOF (.fs_data)
                0x0002c544                __fs_data_load_end__ = (__fs_data_load_start__ + SIZEOF (.fs_data))
                0x00000001                . = ASSERT (((__fs_data_load_start__ == __fs_data_load_end__) || ((__fs_data_load_end__ >= __FLASH_segment_start__) && (__fs_data_load_end__ <= __FLASH_segment_end__))), error: .fs_data is too large to fit in FLASH memory segment)

.fs_data_run    0x20002a98        0x0
                0x20002a98                __fs_data_run_start__ = .
                0x20002a98                __start_fs_data = __fs_data_run_start__
                0x20002a98                . = MAX ((__fs_data_run_start__ + SIZEOF (.fs_data)), .)
                0x20002a98                __fs_data_run_end__ = (__fs_data_run_start__ + SIZEOF (.fs_data_run))
                0x00000000                __fs_data_run_size__ = SIZEOF (.fs_data_run)
                0x20002a98                __stop_fs_data = __fs_data_run_end__
                0x20002a98                __fs_data_run_load_end__ = __fs_data_run_end__
                0x00000001                . = ASSERT (((__fs_data_run_start__ == __fs_data_run_end__) || ((__fs_data_run_end__ >= __RAM_segment_start__) && (__fs_data_run_end__ <= __RAM_segment_end__))), error: .fs_data_run is too large to fit in RAM memory segment)
                0x0002c544                __log_dynamic_data_load_start__ = ALIGN ((__fs_data_load_start__ + SIZEOF (.fs_data)), 0x4)

.log_dynamic_data
                0x20002a98        0x0 load address 0x0002c544
                0x20002a98                __log_dynamic_data_start__ = .
 *(SORT_BY_NAME(.log_dynamic_data*))
                0x20002a98                __log_dynamic_data_end__ = (__log_dynamic_data_start__ + SIZEOF (.log_dynamic_data))
                0x00000000                __log_dynamic_data_size__ = SIZEOF (.log_dynamic_data)
                0x0002c544                __log_dynamic_data_load_end__ = (__log_dynamic_data_load_start__ + SIZEOF (.log_dynamic_data))
                0x00000001                . = ASSERT (((__log_dynamic_data_load_start__ == __log_dynamic_data_load_end__) || ((__log_dynamic_data_load_end__ >= __FLASH_segment_start__) && (__log_dynamic_data_load_end__ <= __FLASH_segment_end__))), error: .log_dynamic_data is too large to fit in FLASH memory segment)

.log_dynamic_data_run
                0x20002a98        0x0
                0x20002a98                __log_dynamic_data_run_start__ = .
                0x20002a98                __start_log_dynamic_data = __log_dynamic_data_run_start__
                0x20002a98                . = MAX ((__log_dynamic_data_run_start__ + SIZEOF (.log_dynamic_data)), .)
                0x20002a98                __log_dynamic_data_run_end__ = (__log_dynamic_data_run_start__ + SIZEOF (.log_dynamic_data_run))
                0x00000000                __log_dynamic_data_run_size__ = SIZEOF (.log_dynamic_data_run)
                0x20002a98                __stop_log_dynamic_data = __log_dynamic_data_run_end__
                0x20002a98                __log_dynamic_data_run_load_end__ = __log_dynamic_data_run_end__
                0x00000001                . = ASSERT (((__log_dynamic_data_run_start__ == __log_dynamic_data_run_end__) || ((__log_dynamic_data_run_end__ >= __RAM_segment_start__) && (__log_dynamic_data_run_end__ <= __RAM_segment_end__))), error: .log_dynamic_data_run is too large to fit in RAM memory segment)
                0x0002c544                __log_filter_data_load_start__ = ALIGN ((__log_dynamic_data_load_start__ + SIZEOF (.log_dynamic_data)), 0x4)

.log_filter_data
                0x20002a98        0x0 load address 0x0002c544
                0x20002a98                __log_filter_data_start__ = .
 *(SORT_BY_NAME(.log_filter_data*))
                0x20002a98                __log_filter_data_end__ = (__log_filter_data_start__ + SIZEOF (.log_filter_data))
                0x00000000                __log_filter_data_size__ = SIZEOF (.log_filter_data)
                0x0002c544                __log_filter_data_load_end__ = (__log_filter_data_load_start__ + SIZEOF (.log_filter_data))
                0x00000001                . = ASSERT (((__log_filter_data_load_start__ == __log_filter_data_load_end__) || ((__log_filter_data_load_end__ >= __FLASH_segment_start__) && (__log_filter_data_load_end__ <= __FLASH_segment_end__))), error: .log_filter_data is too large to fit in FLASH memory segment)

.log_filter_data_run
                0x20002a98        0x0
                0x20002a98                __log_filter_data_run_start__ = .
                0x20002a98                __start_log_filter_data = __log_filter_data_run_start__
                0x20002a98                . = MAX ((__log_filter_data_run_start__ + SIZEOF (.log_filter_data)), .)
                0x20002a98                __log_filter_data_run_end__ = (__log_filter_data_run_start__ + SIZEOF (.log_filter_data_run))
                0x00000000                __log_filter_data_run_size__ = SIZEOF (.log_filter_data_run)
                0x20002a98                __stop_log_filter_data = __log_filter_data_run_end__
                0x20002a98                __log_filter_data_run_load_end__ = __log_filter_data_run_end__
                0x00000001                . = ASSERT (((__log_filter_data_run_start__ == __log_filter_data_run_end__) || ((__log_filter_data_run_end__ >= __RAM_segment_start__) && (__log_filter_data_run_end__ <= __RAM_segment_end__))), error: .log_filter_data_run is too large to fit in RAM memory segment)
                0x20002a98                __nrf_sections_run_end_load_start__ = ALIGN (__log_filter_data_run_end__, 0x4)

.nrf_sections_run_end
                0x20002a98        0x0
                0x20002a98                __nrf_sections_run_end_start__ = .
                0x20002a98                __end_nrf_sections_run = __nrf_sections_run_end_start__
 *(.nrf_sections_run_end .nrf_sections_run_end.*)
                0x20002a98                __nrf_sections_run_end_end__ = (__nrf_sections_run_end_start__ + SIZEOF (.nrf_sections_run_end))
                0x00000000                __nrf_sections_run_end_size__ = SIZEOF (.nrf_sections_run_end)
                0x20002a98                __nrf_sections_run_end_load_end__ = __nrf_sections_run_end_end__
                0x00000001                . = ASSERT (((__nrf_sections_run_end_start__ == __nrf_sections_run_end_end__) || ((__nrf_sections_run_end_end__ >= __RAM_segment_start__) && (__nrf_sections_run_end_end__ <= __RAM_segment_end__))), error: .nrf_sections_run_end is too large to fit in RAM memory segment)
                0x0002c544                __dtors_load_start__ = ALIGN ((__log_filter_data_load_start__ + SIZEOF (.log_filter_data)), 0x4)

.dtors          0x0002c544        0x0
                0x0002c544                __dtors_start__ = .
 *(SORT_BY_NAME(.dtors.*))
 *(.dtors)
 *(.fini_array)
 *(SORT_BY_NAME(.fini_array.*))
                0x0002c544                __dtors_end__ = (__dtors_start__ + SIZEOF (.dtors))
                0x00000000                __dtors_size__ = SIZEOF (.dtors)
                0x0002c544                __dtors_load_end__ = __dtors_end__
                0x00000001                . = ASSERT (((__dtors_start__ == __dtors_end__) || ((__dtors_end__ >= __FLASH_segment_start__) && (__dtors_end__ <= __FLASH_segment_end__))), error: .dtors is too large to fit in FLASH memory segment)
                0x0002c544                __ctors_load_start__ = ALIGN (__dtors_end__, 0x4)

.ctors          0x0002c544        0x0
                0x0002c544                __ctors_start__ = .
 *(SORT_BY_NAME(.ctors.*))
 *(.ctors)
 *(.init_array)
 *(SORT_BY_NAME(.init_array.*))
                0x0002c544                __ctors_end__ = (__ctors_start__ + SIZEOF (.ctors))
                0x00000000                __ctors_size__ = SIZEOF (.ctors)
                0x0002c544                __ctors_load_end__ = __ctors_end__
                0x00000001                . = ASSERT (((__ctors_start__ == __ctors_end__) || ((__ctors_end__ >= __FLASH_segment_start__) && (__ctors_end__ <= __FLASH_segment_end__))), error: .ctors is too large to fit in FLASH memory segment)
                0x0002c544                __rodata_load_start__ = ALIGN (__ctors_end__, 0x4)

.rodata         0x0002c544      0xeb8
                0x0002c544                __rodata_start__ = .
 *(.rodata .rodata.* .gnu.linkonce.r.*)
 *fill*         0x0002c544        0xc 
 .rodata.delay_bytecode.8490
                0x0002c550        0x6 Output/ble_app_uart_pca10040_s132 Release/Obj/nrf_log_backend_rtt.o
 *fill*         0x0002c556        0x2 
 .rodata.nrf_log_backend_rtt_api
                0x0002c558        0xc Output/ble_app_uart_pca10040_s132 Release/Obj/nrf_log_backend_rtt.o
                0x0002c558                nrf_log_backend_rtt_api
 .rodata.str1.1
                0x0002c564       0x10 Output/ble_app_uart_pca10040_s132 Release/Obj/nrf_log_default_backends.o
 .rodata.m_log_push_ringbuf
                0x0002c574        0xc Output/ble_app_uart_pca10040_s132 Release/Obj/nrf_log_frontend.o
 .rodata.nrf_log_frontend_dequeue.str1.1
                0x0002c580       0x11 Output/ble_app_uart_pca10040_s132 Release/Obj/nrf_log_frontend.o
 .rodata.str1.1
                0x0002c591        0x4 Output/ble_app_uart_pca10040_s132 Release/Obj/nrf_log_frontend.o
 *fill*         0x0002c595        0x3 
 .rodata.m_colors
                0x0002c598       0x24 Output/ble_app_uart_pca10040_s132 Release/Obj/nrf_log_str_formatter.o
 .rodata.nrf_log_hexdump_entry_process.str1.1
                0x0002c5bc        0xf Output/ble_app_uart_pca10040_s132 Release/Obj/nrf_log_str_formatter.o
                                 0x11 (size before relaxing)
 .rodata.postfix_process.str1.1
                0x0002c5cb        0x5 Output/ble_app_uart_pca10040_s132 Release/Obj/nrf_log_str_formatter.o
                                  0xb (size before relaxing)
 .rodata.prefix_process.str1.1
                0x0002c5d0       0x2a Output/ble_app_uart_pca10040_s132 Release/Obj/nrf_log_str_formatter.o
 *fill*         0x0002c5fa        0x2 
 .rodata.severity_names
                0x0002c5fc       0x14 Output/ble_app_uart_pca10040_s132 Release/Obj/nrf_log_str_formatter.o
 .rodata.str1.1
                0x0002c610       0x4b Output/ble_app_uart_pca10040_s132 Release/Obj/nrf_log_str_formatter.o
                                 0x51 (size before relaxing)
 *fill*         0x0002c65b        0x1 
 .rodata.m_detection_delay_timer_id
                0x0002c65c        0x4 Output/ble_app_uart_pca10040_s132 Release/Obj/app_button.o
 .rodata.app_error_fault_handler.str1.1
                0x0002c660       0x19 Output/ble_app_uart_pca10040_s132 Release/Obj/app_error_weak.o
 *fill*         0x0002c679        0x7 
 .rodata.delay_bytecode.8214
                0x0002c680        0x6 Output/ble_app_uart_pca10040_s132 Release/Obj/app_timer.o
 *fill*         0x0002c686        0x2 
 .rodata        0x0002c688       0x20 Output/ble_app_uart_pca10040_s132 Release/Obj/app_uart_fifo.o
 .rodata._aV2C.7427
                0x0002c6a8       0x10 Output/ble_app_uart_pca10040_s132 Release/Obj/nrf_fprintf_format.o
 .rodata.pwr_mgmt_data
                0x0002c6b8        0xc Output/ble_app_uart_pca10040_s132 Release/Obj/nrf_pwr_mgmt.o
 .rodata.str1.1
                0x0002c6c4        0x9 Output/ble_app_uart_pca10040_s132 Release/Obj/nrf_pwr_mgmt.o
 .rodata.m_unknown_str
                0x0002c6cd       0x13 Output/ble_app_uart_pca10040_s132 Release/Obj/nrf_strerror.o
 .rodata.nrf_strerror_array
                0x0002c6e0      0x128 Output/ble_app_uart_pca10040_s132 Release/Obj/nrf_strerror.o
 .rodata.str1.1
                0x0002c808      0x3ba Output/ble_app_uart_pca10040_s132 Release/Obj/nrf_strerror.o
 .rodata.m_board_btn_list
                0x0002cbc2        0x4 Output/ble_app_uart_pca10040_s132 Release/Obj/boards.o
 .rodata.m_board_led_list
                0x0002cbc6        0x4 Output/ble_app_uart_pca10040_s132 Release/Obj/boards.o
 .rodata.str1.1
                0x0002cbca        0x6 Output/ble_app_uart_pca10040_s132 Release/Obj/nrf_drv_clock.o
 .rodata.str1.1
                0x0002cbd0        0x6 Output/ble_app_uart_pca10040_s132 Release/Obj/nrfx_clock.o
 .rodata.str1.1
                0x0002cbd6        0x7 Output/ble_app_uart_pca10040_s132 Release/Obj/nrfx_gpiote.o
 .rodata.str1.1
                0x0002cbdd        0x4 Output/ble_app_uart_pca10040_s132 Release/Obj/nrfx_prs.o
 .rodata.str1.1
                0x0002cbe1        0x4 Output/ble_app_uart_pca10040_s132 Release/Obj/nrfx_uart.o
                                  0x5 (size before relaxing)
 .rodata.str1.1
                0x0002cbe1        0x6 Output/ble_app_uart_pca10040_s132 Release/Obj/nrfx_uarte.o
 *fill*         0x0002cbe7        0x1 
 .rodata.app_buttons
                0x0002cbe8       0x20 Output/ble_app_uart_pca10040_s132 Release/Obj/bsp.o
 .rodata.m_bsp_alert_tmr
                0x0002cc08        0x4 Output/ble_app_uart_pca10040_s132 Release/Obj/bsp.o
 .rodata.m_bsp_button_tmr
                0x0002cc0c        0x4 Output/ble_app_uart_pca10040_s132 Release/Obj/bsp.o
 .rodata.m_bsp_leds_tmr
                0x0002cc10        0x4 Output/ble_app_uart_pca10040_s132 Release/Obj/bsp.o
 .rodata        0x0002cc14       0x18 Output/ble_app_uart_pca10040_s132 Release/Obj/main.o
 .rodata.ble_evt_handler.str1.1
                0x0002cc2c       0x17 Output/ble_app_uart_pca10040_s132 Release/Obj/main.o
 .rodata.gatt_evt_handler.str1.1